+-------+-------------+----------+-------------------------------------+--------------------------------+---------------+----------+
|   Row |   Sequence# | Format   | Flags                               | Field String                   |   Child Count | Offset   |
+=======+=============+==========+=====================================+================================+===============+==========+
|     0 |           0 | Set      |                                     | ConsistencyGroup               |            13 | 1        |
+-------+-------------+----------+-------------------------------------+--------------------------------+---------------+----------+
|     1 |           0 | Set      | Nullable=False,                     | Actions                        |             8 | 14       |
+-------+-------------+----------+-------------------------------------+--------------------------------+---------------+----------+
|     2 |           1 | Enum     | Nullable=True,Permission=ReadWrite  | ConsistencyMethod              |             5 | 22       |
+-------+-------------+----------+-------------------------------------+--------------------------------+---------------+----------+
|     3 |           2 | Enum     | Nullable=True,Permission=ReadWrite  | ConsistencyType                |             2 | 27       |
+-------+-------------+----------+-------------------------------------+--------------------------------+---------------+----------+
|     4 |           3 | String   | Nullable=True,Permission=Read       | Description                    |             0 |          |
+-------+-------------+----------+-------------------------------------+--------------------------------+---------------+----------+
|     5 |           4 | String   | Nullable=False,Permission=Read      | Id                             |             0 |          |
+-------+-------------+----------+-------------------------------------+--------------------------------+---------------+----------+
|     6 |           5 | Boolean  | Nullable=True,Permission=Read       | IsConsistent                   |             0 |          |
+-------+-------------+----------+-------------------------------------+--------------------------------+---------------+----------+
|     7 |           6 | Set      | Nullable=False,                     | Links                          |             1 | 29       |
+-------+-------------+----------+-------------------------------------+--------------------------------+---------------+----------+
|     8 |           7 | String   | Nullable=False,Permission=Read      | Name                           |             0 |          |
+-------+-------------+----------+-------------------------------------+--------------------------------+---------------+----------+
|     9 |           8 | Set      | Nullable=False,                     | Oem                            |             0 |          |
+-------+-------------+----------+-------------------------------------+--------------------------------+---------------+----------+
|    10 |           9 | Set      | Nullable=False,                     | ReplicaInfo                    |            28 | 30       |
+-------+-------------+----------+-------------------------------------+--------------------------------+---------------+----------+
|    11 |          10 | Array    | Nullable=True,Permission=Read       | ReplicaTargets                 |             1 | 58       |
+-------+-------------+----------+-------------------------------------+--------------------------------+---------------+----------+
|    12 |          11 | Set      | Nullable=False,                     | Status                         |             4 | 59       |
+-------+-------------+----------+-------------------------------------+--------------------------------+---------------+----------+
|    13 |          12 | Array    | Nullable=True,Permission=ReadWrite  | Volumes                        |             1 | 58       |
+-------+-------------+----------+-------------------------------------+--------------------------------+---------------+----------+
|    14 |           0 | Set      | Nullable=False,                     | Oem                            |             0 |          |
+-------+-------------+----------+-------------------------------------+--------------------------------+---------------+----------+
|    15 |           1 | Set      |                                     | AssignReplicaTarget            |             3 | 63       |
+-------+-------------+----------+-------------------------------------+--------------------------------+---------------+----------+
|    16 |           2 | Set      |                                     | CreateReplicaTarget            |             4 | 66       |
+-------+-------------+----------+-------------------------------------+--------------------------------+---------------+----------+
|    17 |           3 | Set      |                                     | RemoveReplicaRelationship      |             2 | 70       |
+-------+-------------+----------+-------------------------------------+--------------------------------+---------------+----------+
|    18 |           4 | Set      |                                     | ResumeReplication              |             1 | 72       |
+-------+-------------+----------+-------------------------------------+--------------------------------+---------------+----------+
|    19 |           5 | Set      |                                     | ReverseReplicationRelationship |             1 | 73       |
+-------+-------------+----------+-------------------------------------+--------------------------------+---------------+----------+
|    20 |           6 | Set      |                                     | SplitReplication               |             1 | 74       |
+-------+-------------+----------+-------------------------------------+--------------------------------+---------------+----------+
|    21 |           7 | Set      |                                     | SuspendReplication             |             1 | 75       |
+-------+-------------+----------+-------------------------------------+--------------------------------+---------------+----------+
|    22 |           0 | String   |                                     | HotStandby                     |             0 |          |
+-------+-------------+----------+-------------------------------------+--------------------------------+---------------+----------+
|    23 |           1 | String   |                                     | Other                          |             0 |          |
+-------+-------------+----------+-------------------------------------+--------------------------------+---------------+----------+
|    24 |           2 | String   |                                     | VASA                           |             0 |          |
+-------+-------------+----------+-------------------------------------+--------------------------------+---------------+----------+
|    25 |           3 | String   |                                     | VDI                            |             0 |          |
+-------+-------------+----------+-------------------------------------+--------------------------------+---------------+----------+
|    26 |           4 | String   |                                     | VSS                            |             0 |          |
+-------+-------------+----------+-------------------------------------+--------------------------------+---------------+----------+
|    27 |           0 | String   |                                     | ApplicationConsistent          |             0 |          |
+-------+-------------+----------+-------------------------------------+--------------------------------+---------------+----------+
|    28 |           1 | String   |                                     | CrashConsistent                |             0 |          |
+-------+-------------+----------+-------------------------------------+--------------------------------+---------------+----------+
|    29 |           0 | Set      | Nullable=False,                     | Oem                            |             0 |          |
+-------+-------------+----------+-------------------------------------+--------------------------------+---------------+----------+
|    30 |           0 | Boolean  | Nullable=True,Permission=Read       | ConsistencyEnabled             |             0 |          |
+-------+-------------+----------+-------------------------------------+--------------------------------+---------------+----------+
|    31 |           1 | Enum     | Nullable=True,Permission=Read       | ConsistencyState               |             2 | 76       |
+-------+-------------+----------+-------------------------------------+--------------------------------+---------------+----------+
|    32 |           2 | Enum     | Nullable=True,Permission=Read       | ConsistencyStatus              |             4 | 78       |
+-------+-------------+----------+-------------------------------------+--------------------------------+---------------+----------+
|    33 |           3 | Enum     | Nullable=True,Permission=Read       | ConsistencyType                |             1 | 82       |
+-------+-------------+----------+-------------------------------------+--------------------------------+---------------+----------+
|    34 |           4 | Boolean  | Nullable=True,Permission=Read       | FailedCopyStopsHostIO          |             0 |          |
+-------+-------------+----------+-------------------------------------+--------------------------------+---------------+----------+
|    35 |           5 | Integer  | Nullable=True,Permission=Read       | PercentSynced                  |             0 |          |
+-------+-------------+----------+-------------------------------------+--------------------------------+---------------+----------+
|    36 |           6 | Set      | Nullable=False,Permission=Read      | Replica                        |             0 |          |
+-------+-------------+----------+-------------------------------------+--------------------------------+---------------+----------+
|    37 |           7 | Enum     | Nullable=True,Permission=Read       | ReplicaPriority                |             4 | 83       |
+-------+-------------+----------+-------------------------------------+--------------------------------+---------------+----------+
|    38 |           8 | Enum     | Nullable=True,Permission=Read       | ReplicaProgressStatus          |            23 | 87       |
+-------+-------------+----------+-------------------------------------+--------------------------------+---------------+----------+
|    39 |           9 | Enum     | Nullable=True,Permission=Read       | ReplicaReadOnlyAccess          |             3 | 110      |
+-------+-------------+----------+-------------------------------------+--------------------------------+---------------+----------+
|    40 |          10 | Enum     | Nullable=True,Permission=Read       | ReplicaRecoveryMode            |             2 | 113      |
+-------+-------------+----------+-------------------------------------+--------------------------------+---------------+----------+
|    41 |          11 | Enum     | Nullable=True,Permission=Read       | ReplicaRole                    |             2 | 115      |
+-------+-------------+----------+-------------------------------------+--------------------------------+---------------+----------+
|    42 |          12 | Integer  | Nullable=True,Permission=Read       | ReplicaSkewBytes               |             0 |          |
+-------+-------------+----------+-------------------------------------+--------------------------------+---------------+----------+
|    43 |          13 | Enum     | Nullable=True,Permission=Read       | ReplicaState                   |            16 | 117      |
+-------+-------------+----------+-------------------------------------+--------------------------------+---------------+----------+
|    44 |          14 | Enum     | Nullable=True,Permission=Read       | ReplicaType                    |             4 | 133      |
+-------+-------------+----------+-------------------------------------+--------------------------------+---------------+----------+
|    45 |          15 | Enum     | Nullable=True,Permission=Read       | ReplicaUpdateMode              |             4 | 137      |
+-------+-------------+----------+-------------------------------------+--------------------------------+---------------+----------+
|    46 |          16 | Enum     | Nullable=True,Permission=Read       | RequestedReplicaState          |            16 | 117      |
+-------+-------------+----------+-------------------------------------+--------------------------------+---------------+----------+
|    47 |          17 | Boolean  | Nullable=True,Permission=Read       | SyncMaintained                 |             0 |          |
+-------+-------------+----------+-------------------------------------+--------------------------------+---------------+----------+
|    48 |          18 | Enum     | Nullable=True,Permission=Read       | UndiscoveredElement            |             2 | 141      |
+-------+-------------+----------+-------------------------------------+--------------------------------+---------------+----------+
|    49 |          19 | String   | Nullable=True,Permission=Read       | WhenActivated                  |             0 |          |
+-------+-------------+----------+-------------------------------------+--------------------------------+---------------+----------+
|    50 |          20 | String   | Nullable=True,Permission=Read       | WhenDeactivated                |             0 |          |
+-------+-------------+----------+-------------------------------------+--------------------------------+---------------+----------+
|    51 |          21 | String   | Nullable=True,Permission=Read       | WhenEstablished                |             0 |          |
+-------+-------------+----------+-------------------------------------+--------------------------------+---------------+----------+
|    52 |          22 | String   | Nullable=True,Permission=Read       | WhenSuspended                  |             0 |          |
+-------+-------------+----------+-------------------------------------+--------------------------------+---------------+----------+
|    53 |          23 | String   | Nullable=True,Permission=Read       | WhenSynced                     |             0 |          |
+-------+-------------+----------+-------------------------------------+--------------------------------+---------------+----------+
|    54 |          24 | String   | Nullable=True,Permission=Read       | WhenSynchronized               |             0 |          |
+-------+-------------+----------+-------------------------------------+--------------------------------+---------------+----------+
|    55 |          25 | Set      | Nullable=False,Permission=ReadWrite | DataProtectionLineOfService    |             0 |          |
+-------+-------------+----------+-------------------------------------+--------------------------------+---------------+----------+
|    56 |          26 | Set      | Nullable=False,Permission=Read      | SourceReplica                  |             0 |          |
+-------+-------------+----------+-------------------------------------+--------------------------------+---------------+----------+
|    57 |          27 | Enum     | Nullable=True,Permission=Read       | ReplicaFaultDomain             |             2 | 143      |
+-------+-------------+----------+-------------------------------------+--------------------------------+---------------+----------+
|    58 |           0 | Set      |                                     |                                |             0 |          |
+-------+-------------+----------+-------------------------------------+--------------------------------+---------------+----------+
|    59 |           0 | Enum     | Nullable=True,Permission=Read       | Health                         |             3 | 145      |
+-------+-------------+----------+-------------------------------------+--------------------------------+---------------+----------+
|    60 |           1 | Enum     | Nullable=True,Permission=Read       | HealthRollup                   |             3 | 145      |
+-------+-------------+----------+-------------------------------------+--------------------------------+---------------+----------+
|    61 |           2 | Set      | Nullable=False,                     | Oem                            |             0 |          |
+-------+-------------+----------+-------------------------------------+--------------------------------+---------------+----------+
|    62 |           3 | Enum     | Nullable=True,Permission=Read       | State                          |            11 | 148      |
+-------+-------------+----------+-------------------------------------+--------------------------------+---------------+----------+
|    63 |           0 | Enum     | Nullable=False,                     | ReplicaType                    |             4 | 133      |
+-------+-------------+----------+-------------------------------------+--------------------------------+---------------+----------+
|    64 |           1 | Enum     | Nullable=False,                     | ReplicaUpdateMode              |             4 | 137      |
+-------+-------------+----------+-------------------------------------+--------------------------------+---------------+----------+
|    65 |           2 | String   | Nullable=False,                     | TargetConsistencyGroup         |             0 |          |
+-------+-------------+----------+-------------------------------------+--------------------------------+---------------+----------+
|    66 |           0 | String   | Nullable=False,                     | ConsistencyGroupName           |             0 |          |
+-------+-------------+----------+-------------------------------------+--------------------------------+---------------+----------+
|    67 |           1 | Enum     | Nullable=False,                     | ReplicaType                    |             4 | 133      |
+-------+-------------+----------+-------------------------------------+--------------------------------+---------------+----------+
|    68 |           2 | Enum     | Nullable=False,                     | ReplicaUpdateMode              |             4 | 137      |
+-------+-------------+----------+-------------------------------------+--------------------------------+---------------+----------+
|    69 |           3 | String   | Nullable=False,                     | TargetStoragePool              |             0 |          |
+-------+-------------+----------+-------------------------------------+--------------------------------+---------------+----------+
|    70 |           0 | Boolean  | Nullable=True,                      | DeleteTargetConsistencyGroup   |             0 |          |
+-------+-------------+----------+-------------------------------------+--------------------------------+---------------+----------+
|    71 |           1 | String   | Nullable=False,                     | TargetConsistencyGroup         |             0 |          |
+-------+-------------+----------+-------------------------------------+--------------------------------+---------------+----------+
|    72 |           0 | String   | Nullable=False,                     | TargetConsistencyGroup         |             0 |          |
+-------+-------------+----------+-------------------------------------+--------------------------------+---------------+----------+
|    73 |           0 | String   | Nullable=False,                     | TargetConsistencyGroup         |             0 |          |
+-------+-------------+----------+-------------------------------------+--------------------------------+---------------+----------+
|    74 |           0 | String   | Nullable=False,                     | TargetConsistencyGroup         |             0 |          |
+-------+-------------+----------+-------------------------------------+--------------------------------+---------------+----------+
|    75 |           0 | String   | Nullable=False,                     | TargetConsistencyGroup         |             0 |          |
+-------+-------------+----------+-------------------------------------+--------------------------------+---------------+----------+
|    76 |           0 | String   |                                     | Consistent                     |             0 |          |
+-------+-------------+----------+-------------------------------------+--------------------------------+---------------+----------+
|    77 |           1 | String   |                                     | Inconsistent                   |             0 |          |
+-------+-------------+----------+-------------------------------------+--------------------------------+---------------+----------+
|    78 |           0 | String   |                                     | Consistent                     |             0 |          |
+-------+-------------+----------+-------------------------------------+--------------------------------+---------------+----------+
|    79 |           1 | String   |                                     | Disabled                       |             0 |          |
+-------+-------------+----------+-------------------------------------+--------------------------------+---------------+----------+
|    80 |           2 | String   |                                     | InError                        |             0 |          |
+-------+-------------+----------+-------------------------------------+--------------------------------+---------------+----------+
|    81 |           3 | String   |                                     | InProgress                     |             0 |          |
+-------+-------------+----------+-------------------------------------+--------------------------------+---------------+----------+
|    82 |           0 | String   |                                     | SequentiallyConsistent         |             0 |          |
+-------+-------------+----------+-------------------------------------+--------------------------------+---------------+----------+
|    83 |           0 | String   |                                     | High                           |             0 |          |
+-------+-------------+----------+-------------------------------------+--------------------------------+---------------+----------+
|    84 |           1 | String   |                                     | Low                            |             0 |          |
+-------+-------------+----------+-------------------------------------+--------------------------------+---------------+----------+
|    85 |           2 | String   |                                     | Same                           |             0 |          |
+-------+-------------+----------+-------------------------------------+--------------------------------+---------------+----------+
|    86 |           3 | String   |                                     | Urgent                         |             0 |          |
+-------+-------------+----------+-------------------------------------+--------------------------------+---------------+----------+
|    87 |           0 | String   |                                     | Aborting                       |             0 |          |
+-------+-------------+----------+-------------------------------------+--------------------------------+---------------+----------+
|    88 |           1 | String   |                                     | Completed                      |             0 |          |
+-------+-------------+----------+-------------------------------------+--------------------------------+---------------+----------+
|    89 |           2 | String   |                                     | Detaching                      |             0 |          |
+-------+-------------+----------+-------------------------------------+--------------------------------+---------------+----------+
|    90 |           3 | String   |                                     | Dormant                        |             0 |          |
+-------+-------------+----------+-------------------------------------+--------------------------------+---------------+----------+
|    91 |           4 | String   |                                     | FailingBack                    |             0 |          |
+-------+-------------+----------+-------------------------------------+--------------------------------+---------------+----------+
|    92 |           5 | String   |                                     | FailingOver                    |             0 |          |
+-------+-------------+----------+-------------------------------------+--------------------------------+---------------+----------+
|    93 |           6 | String   |                                     | Fracturing                     |             0 |          |
+-------+-------------+----------+-------------------------------------+--------------------------------+---------------+----------+
|    94 |           7 | String   |                                     | Initializing                   |             0 |          |
+-------+-------------+----------+-------------------------------------+--------------------------------+---------------+----------+
|    95 |           8 | String   |                                     | Mixed                          |             0 |          |
+-------+-------------+----------+-------------------------------------+--------------------------------+---------------+----------+
|    96 |           9 | String   |                                     | Pending                        |             0 |          |
+-------+-------------+----------+-------------------------------------+--------------------------------+---------------+----------+
|    97 |          10 | String   |                                     | Preparing                      |             0 |          |
+-------+-------------+----------+-------------------------------------+--------------------------------+---------------+----------+
|    98 |          11 | String   |                                     | RequiresActivate               |             0 |          |
+-------+-------------+----------+-------------------------------------+--------------------------------+---------------+----------+
|    99 |          12 | String   |                                     | RequiresDetach                 |             0 |          |
+-------+-------------+----------+-------------------------------------+--------------------------------+---------------+----------+
|   100 |          13 | String   |                                     | RequiresFracture               |             0 |          |
+-------+-------------+----------+-------------------------------------+--------------------------------+---------------+----------+
|   101 |          14 | String   |                                     | RequiresResume                 |             0 |          |
+-------+-------------+----------+-------------------------------------+--------------------------------+---------------+----------+
|   102 |          15 | String   |                                     | RequiresResync                 |             0 |          |
+-------+-------------+----------+-------------------------------------+--------------------------------+---------------+----------+
|   103 |          16 | String   |                                     | RequiresSplit                  |             0 |          |
+-------+-------------+----------+-------------------------------------+--------------------------------+---------------+----------+
|   104 |          17 | String   |                                     | Restoring                      |             0 |          |
+-------+-------------+----------+-------------------------------------+--------------------------------+---------------+----------+
|   105 |          18 | String   |                                     | Resyncing                      |             0 |          |
+-------+-------------+----------+-------------------------------------+--------------------------------+---------------+----------+
|   106 |          19 | String   |                                     | Splitting                      |             0 |          |
+-------+-------------+----------+-------------------------------------+--------------------------------+---------------+----------+
|   107 |          20 | String   |                                     | Suspending                     |             0 |          |
+-------+-------------+----------+-------------------------------------+--------------------------------+---------------+----------+
|   108 |          21 | String   |                                     | Synchronizing                  |             0 |          |
+-------+-------------+----------+-------------------------------------+--------------------------------+---------------+----------+
|   109 |          22 | String   |                                     | Terminating                    |             0 |          |
+-------+-------------+----------+-------------------------------------+--------------------------------+---------------+----------+
|   110 |           0 | String   |                                     | Both                           |             0 |          |
+-------+-------------+----------+-------------------------------------+--------------------------------+---------------+----------+
|   111 |           1 | String   |                                     | ReplicaElement                 |             0 |          |
+-------+-------------+----------+-------------------------------------+--------------------------------+---------------+----------+
|   112 |           2 | String   |                                     | SourceElement                  |             0 |          |
+-------+-------------+----------+-------------------------------------+--------------------------------+---------------+----------+
|   113 |           0 | String   |                                     | Automatic                      |             0 |          |
+-------+-------------+----------+-------------------------------------+--------------------------------+---------------+----------+
|   114 |           1 | String   |                                     | Manual                         |             0 |          |
+-------+-------------+----------+-------------------------------------+--------------------------------+---------------+----------+
|   115 |           0 | String   |                                     | Source                         |             0 |          |
+-------+-------------+----------+-------------------------------------+--------------------------------+---------------+----------+
|   116 |           1 | String   |                                     | Target                         |             0 |          |
+-------+-------------+----------+-------------------------------------+--------------------------------+---------------+----------+
|   117 |           0 | String   |                                     | Aborted                        |             0 |          |
+-------+-------------+----------+-------------------------------------+--------------------------------+---------------+----------+
|   118 |           1 | String   |                                     | Broken                         |             0 |          |
+-------+-------------+----------+-------------------------------------+--------------------------------+---------------+----------+
|   119 |           2 | String   |                                     | Failedover                     |             0 |          |
+-------+-------------+----------+-------------------------------------+--------------------------------+---------------+----------+
|   120 |           3 | String   |                                     | Fractured                      |             0 |          |
+-------+-------------+----------+-------------------------------------+--------------------------------+---------------+----------+
|   121 |           4 | String   |                                     | Inactive                       |             0 |          |
+-------+-------------+----------+-------------------------------------+--------------------------------+---------------+----------+
|   122 |           5 | String   |                                     | Initialized                    |             0 |          |
+-------+-------------+----------+-------------------------------------+--------------------------------+---------------+----------+
|   123 |           6 | String   |                                     | Invalid                        |             0 |          |
+-------+-------------+----------+-------------------------------------+--------------------------------+---------------+----------+
|   124 |           7 | String   |                                     | Mixed                          |             0 |          |
+-------+-------------+----------+-------------------------------------+--------------------------------+---------------+----------+
|   125 |           8 | String   |                                     | Partitioned                    |             0 |          |
+-------+-------------+----------+-------------------------------------+--------------------------------+---------------+----------+
|   126 |           9 | String   |                                     | Prepared                       |             0 |          |
+-------+-------------+----------+-------------------------------------+--------------------------------+---------------+----------+
|   127 |          10 | String   |                                     | Restored                       |             0 |          |
+-------+-------------+----------+-------------------------------------+--------------------------------+---------------+----------+
|   128 |          11 | String   |                                     | Skewed                         |             0 |          |
+-------+-------------+----------+-------------------------------------+--------------------------------+---------------+----------+
|   129 |          12 | String   |                                     | Split                          |             0 |          |
+-------+-------------+----------+-------------------------------------+--------------------------------+---------------+----------+
|   130 |          13 | String   |                                     | Suspended                      |             0 |          |
+-------+-------------+----------+-------------------------------------+--------------------------------+---------------+----------+
|   131 |          14 | String   |                                     | Synchronized                   |             0 |          |
+-------+-------------+----------+-------------------------------------+--------------------------------+---------------+----------+
|   132 |          15 | String   |                                     | Unsynchronized                 |             0 |          |
+-------+-------------+----------+-------------------------------------+--------------------------------+---------------+----------+
|   133 |           0 | String   |                                     | Clone                          |             0 |          |
+-------+-------------+----------+-------------------------------------+--------------------------------+---------------+----------+
|   134 |           1 | String   |                                     | Mirror                         |             0 |          |
+-------+-------------+----------+-------------------------------------+--------------------------------+---------------+----------+
|   135 |           2 | String   |                                     | Snapshot                       |             0 |          |
+-------+-------------+----------+-------------------------------------+--------------------------------+---------------+----------+
|   136 |           3 | String   |                                     | TokenizedClone                 |             0 |          |
+-------+-------------+----------+-------------------------------------+--------------------------------+---------------+----------+
|   137 |           0 | String   |                                     | Active                         |             0 |          |
+-------+-------------+----------+-------------------------------------+--------------------------------+---------------+----------+
|   138 |           1 | String   |                                     | Adaptive                       |             0 |          |
+-------+-------------+----------+-------------------------------------+--------------------------------+---------------+----------+
|   139 |           2 | String   |                                     | Asynchronous                   |             0 |          |
+-------+-------------+----------+-------------------------------------+--------------------------------+---------------+----------+
|   140 |           3 | String   |                                     | Synchronous                    |             0 |          |
+-------+-------------+----------+-------------------------------------+--------------------------------+---------------+----------+
|   141 |           0 | String   |                                     | ReplicaElement                 |             0 |          |
+-------+-------------+----------+-------------------------------------+--------------------------------+---------------+----------+
|   142 |           1 | String   |                                     | SourceElement                  |             0 |          |
+-------+-------------+----------+-------------------------------------+--------------------------------+---------------+----------+
|   143 |           0 | String   |                                     | Local                          |             0 |          |
+-------+-------------+----------+-------------------------------------+--------------------------------+---------------+----------+
|   144 |           1 | String   |                                     | Remote                         |             0 |          |
+-------+-------------+----------+-------------------------------------+--------------------------------+---------------+----------+
|   145 |           0 | String   |                                     | Critical                       |             0 |          |
+-------+-------------+----------+-------------------------------------+--------------------------------+---------------+----------+
|   146 |           1 | String   |                                     | OK                             |             0 |          |
+-------+-------------+----------+-------------------------------------+--------------------------------+---------------+----------+
|   147 |           2 | String   |                                     | Warning                        |             0 |          |
+-------+-------------+----------+-------------------------------------+--------------------------------+---------------+----------+
|   148 |           0 | String   |                                     | Absent                         |             0 |          |
+-------+-------------+----------+-------------------------------------+--------------------------------+---------------+----------+
|   149 |           1 | String   |                                     | Disabled                       |             0 |          |
+-------+-------------+----------+-------------------------------------+--------------------------------+---------------+----------+
|   150 |           2 | String   |                                     | Enabled                        |             0 |          |
+-------+-------------+----------+-------------------------------------+--------------------------------+---------------+----------+
|   151 |           3 | String   |                                     | InTest                         |             0 |          |
+-------+-------------+----------+-------------------------------------+--------------------------------+---------------+----------+
|   152 |           4 | String   |                                     | StandbyOffline                 |             0 |          |
+-------+-------------+----------+-------------------------------------+--------------------------------+---------------+----------+
|   153 |           5 | String   |                                     | StandbySpare                   |             0 |          |
+-------+-------------+----------+-------------------------------------+--------------------------------+---------------+----------+
|   154 |           6 | String   |                                     | Starting                       |             0 |          |
+-------+-------------+----------+-------------------------------------+--------------------------------+---------------+----------+
|   155 |           7 | String   |                                     | UnavailableOffline             |             0 |          |
+-------+-------------+----------+-------------------------------------+--------------------------------+---------------+----------+
|   156 |           8 | String   |                                     | Deferring                      |             0 |          |
+-------+-------------+----------+-------------------------------------+--------------------------------+---------------+----------+
|   157 |           9 | String   |                                     | Quiesced                       |             0 |          |
+-------+-------------+----------+-------------------------------------+--------------------------------+---------------+----------+
|   158 |          10 | String   |                                     | Updating                       |             0 |          |
+-------+-------------+----------+-------------------------------------+--------------------------------+---------------+----------+
Total Entries: 159
Fixed size consumed (bytes): 1602 (0x642)
Field string size consumed (bytes): 1824 (0x720)
Total size (bytes): 3426 (0xd62)
Version: 0XF1F0F100
Signature: 0xa37d7fd8
