+-------+-------------+----------+-------------------------------------+--------------------------------------------------+---------------+----------+
|   Row |   Sequence# | Format   | Flags                               | Field String                                     |   Child Count | Offset   |
+=======+=============+==========+=====================================+==================================================+===============+==========+
|     0 |           0 | Set      |                                     | ConsistencyGroup                                 |            13 | 1        |
+-------+-------------+----------+-------------------------------------+--------------------------------------------------+---------------+----------+
|     1 |           0 | Set      | Nullable=False,                     | Actions                                          |             8 | 14       |
+-------+-------------+----------+-------------------------------------+--------------------------------------------------+---------------+----------+
|     2 |           1 | Enum     | Nullable=True,Permission=ReadWrite  | ConsistencyMethod                                |             5 | 22       |
+-------+-------------+----------+-------------------------------------+--------------------------------------------------+---------------+----------+
|     3 |           2 | Enum     | Nullable=True,Permission=ReadWrite  | ConsistencyType                                  |             2 | 27       |
+-------+-------------+----------+-------------------------------------+--------------------------------------------------+---------------+----------+
|     4 |           3 | String   | Nullable=True,Permission=Read       | Description                                      |             0 |          |
+-------+-------------+----------+-------------------------------------+--------------------------------------------------+---------------+----------+
|     5 |           4 | String   | Nullable=False,Permission=Read      | Id                                               |             0 |          |
+-------+-------------+----------+-------------------------------------+--------------------------------------------------+---------------+----------+
|     6 |           5 | Boolean  | Nullable=True,Permission=Read       | IsConsistent                                     |             0 |          |
+-------+-------------+----------+-------------------------------------+--------------------------------------------------+---------------+----------+
|     7 |           6 | Set      | Nullable=False,                     | Links                                            |             1 | 29       |
+-------+-------------+----------+-------------------------------------+--------------------------------------------------+---------------+----------+
|     8 |           7 | String   | Nullable=False,Permission=Read      | Name                                             |             0 |          |
+-------+-------------+----------+-------------------------------------+--------------------------------------------------+---------------+----------+
|     9 |           8 | Set      | Nullable=False,                     | Oem                                              |             0 |          |
+-------+-------------+----------+-------------------------------------+--------------------------------------------------+---------------+----------+
|    10 |           9 | Set      | Nullable=False,                     | ReplicaInfo                                      |            28 | 30       |
+-------+-------------+----------+-------------------------------------+--------------------------------------------------+---------------+----------+
|    11 |          10 | Array    | Nullable=True,Permission=Read       | ReplicaTargets                                   |             1 | 58       |
+-------+-------------+----------+-------------------------------------+--------------------------------------------------+---------------+----------+
|    12 |          11 | Set      | Nullable=False,                     | Status                                           |             4 | 59       |
+-------+-------------+----------+-------------------------------------+--------------------------------------------------+---------------+----------+
|    13 |          12 | Array    | Nullable=True,Permission=ReadWrite  | Volumes                                          |             1 | 58       |
+-------+-------------+----------+-------------------------------------+--------------------------------------------------+---------------+----------+
|    14 |           0 | Set      | Nullable=False,                     | Oem                                              |             0 |          |
+-------+-------------+----------+-------------------------------------+--------------------------------------------------+---------------+----------+
|    15 |           1 | Set      |                                     | #ConsistencyGroup.AssignReplicaTarget            |             5 | 63       |
+-------+-------------+----------+-------------------------------------+--------------------------------------------------+---------------+----------+
|    16 |           2 | Set      |                                     | #ConsistencyGroup.CreateReplicaTarget            |             6 | 68       |
+-------+-------------+----------+-------------------------------------+--------------------------------------------------+---------------+----------+
|    17 |           3 | Set      |                                     | #ConsistencyGroup.RemoveReplicaRelationship      |             4 | 74       |
+-------+-------------+----------+-------------------------------------+--------------------------------------------------+---------------+----------+
|    18 |           4 | Set      |                                     | #ConsistencyGroup.ResumeReplication              |             3 | 78       |
+-------+-------------+----------+-------------------------------------+--------------------------------------------------+---------------+----------+
|    19 |           5 | Set      |                                     | #ConsistencyGroup.ReverseReplicationRelationship |             3 | 81       |
+-------+-------------+----------+-------------------------------------+--------------------------------------------------+---------------+----------+
|    20 |           6 | Set      |                                     | #ConsistencyGroup.SplitReplication               |             3 | 84       |
+-------+-------------+----------+-------------------------------------+--------------------------------------------------+---------------+----------+
|    21 |           7 | Set      |                                     | #ConsistencyGroup.SuspendReplication             |             3 | 87       |
+-------+-------------+----------+-------------------------------------+--------------------------------------------------+---------------+----------+
|    22 |           0 | String   |                                     | HotStandby                                       |             0 |          |
+-------+-------------+----------+-------------------------------------+--------------------------------------------------+---------------+----------+
|    23 |           1 | String   |                                     | Other                                            |             0 |          |
+-------+-------------+----------+-------------------------------------+--------------------------------------------------+---------------+----------+
|    24 |           2 | String   |                                     | VASA                                             |             0 |          |
+-------+-------------+----------+-------------------------------------+--------------------------------------------------+---------------+----------+
|    25 |           3 | String   |                                     | VDI                                              |             0 |          |
+-------+-------------+----------+-------------------------------------+--------------------------------------------------+---------------+----------+
|    26 |           4 | String   |                                     | VSS                                              |             0 |          |
+-------+-------------+----------+-------------------------------------+--------------------------------------------------+---------------+----------+
|    27 |           0 | String   |                                     | ApplicationConsistent                            |             0 |          |
+-------+-------------+----------+-------------------------------------+--------------------------------------------------+---------------+----------+
|    28 |           1 | String   |                                     | CrashConsistent                                  |             0 |          |
+-------+-------------+----------+-------------------------------------+--------------------------------------------------+---------------+----------+
|    29 |           0 | Set      | Nullable=False,                     | Oem                                              |             0 |          |
+-------+-------------+----------+-------------------------------------+--------------------------------------------------+---------------+----------+
|    30 |           0 | Boolean  | Nullable=True,Permission=Read       | ConsistencyEnabled                               |             0 |          |
+-------+-------------+----------+-------------------------------------+--------------------------------------------------+---------------+----------+
|    31 |           1 | Enum     | Nullable=True,Permission=Read       | ConsistencyState                                 |             2 | 90       |
+-------+-------------+----------+-------------------------------------+--------------------------------------------------+---------------+----------+
|    32 |           2 | Enum     | Nullable=True,Permission=Read       | ConsistencyStatus                                |             4 | 92       |
+-------+-------------+----------+-------------------------------------+--------------------------------------------------+---------------+----------+
|    33 |           3 | Enum     | Nullable=True,Permission=Read       | ConsistencyType                                  |             1 | 96       |
+-------+-------------+----------+-------------------------------------+--------------------------------------------------+---------------+----------+
|    34 |           4 | Boolean  | Nullable=True,Permission=Read       | FailedCopyStopsHostIO                            |             0 |          |
+-------+-------------+----------+-------------------------------------+--------------------------------------------------+---------------+----------+
|    35 |           5 | Integer  | Nullable=True,Permission=Read       | PercentSynced                                    |             0 |          |
+-------+-------------+----------+-------------------------------------+--------------------------------------------------+---------------+----------+
|    36 |           6 | Set      | Nullable=False,Permission=Read      | Replica                                          |             0 |          |
+-------+-------------+----------+-------------------------------------+--------------------------------------------------+---------------+----------+
|    37 |           7 | Enum     | Nullable=True,Permission=Read       | ReplicaPriority                                  |             4 | 97       |
+-------+-------------+----------+-------------------------------------+--------------------------------------------------+---------------+----------+
|    38 |           8 | Enum     | Nullable=True,Permission=Read       | ReplicaProgressStatus                            |            23 | 101      |
+-------+-------------+----------+-------------------------------------+--------------------------------------------------+---------------+----------+
|    39 |           9 | Enum     | Nullable=True,Permission=Read       | ReplicaReadOnlyAccess                            |             3 | 124      |
+-------+-------------+----------+-------------------------------------+--------------------------------------------------+---------------+----------+
|    40 |          10 | Enum     | Nullable=True,Permission=Read       | ReplicaRecoveryMode                              |             2 | 127      |
+-------+-------------+----------+-------------------------------------+--------------------------------------------------+---------------+----------+
|    41 |          11 | Enum     | Nullable=True,Permission=Read       | ReplicaRole                                      |             2 | 129      |
+-------+-------------+----------+-------------------------------------+--------------------------------------------------+---------------+----------+
|    42 |          12 | Integer  | Nullable=True,Permission=Read       | ReplicaSkewBytes                                 |             0 |          |
+-------+-------------+----------+-------------------------------------+--------------------------------------------------+---------------+----------+
|    43 |          13 | Enum     | Nullable=True,Permission=Read       | ReplicaState                                     |            16 | 131      |
+-------+-------------+----------+-------------------------------------+--------------------------------------------------+---------------+----------+
|    44 |          14 | Enum     | Nullable=True,Permission=Read       | ReplicaType                                      |             4 | 147      |
+-------+-------------+----------+-------------------------------------+--------------------------------------------------+---------------+----------+
|    45 |          15 | Enum     | Nullable=True,Permission=Read       | ReplicaUpdateMode                                |             4 | 151      |
+-------+-------------+----------+-------------------------------------+--------------------------------------------------+---------------+----------+
|    46 |          16 | Enum     | Nullable=True,Permission=Read       | RequestedReplicaState                            |            16 | 131      |
+-------+-------------+----------+-------------------------------------+--------------------------------------------------+---------------+----------+
|    47 |          17 | Boolean  | Nullable=True,Permission=Read       | SyncMaintained                                   |             0 |          |
+-------+-------------+----------+-------------------------------------+--------------------------------------------------+---------------+----------+
|    48 |          18 | Enum     | Nullable=True,Permission=Read       | UndiscoveredElement                              |             2 | 155      |
+-------+-------------+----------+-------------------------------------+--------------------------------------------------+---------------+----------+
|    49 |          19 | String   | Nullable=True,Permission=Read       | WhenActivated                                    |             0 |          |
+-------+-------------+----------+-------------------------------------+--------------------------------------------------+---------------+----------+
|    50 |          20 | String   | Nullable=True,Permission=Read       | WhenDeactivated                                  |             0 |          |
+-------+-------------+----------+-------------------------------------+--------------------------------------------------+---------------+----------+
|    51 |          21 | String   | Nullable=True,Permission=Read       | WhenEstablished                                  |             0 |          |
+-------+-------------+----------+-------------------------------------+--------------------------------------------------+---------------+----------+
|    52 |          22 | String   | Nullable=True,Permission=Read       | WhenSuspended                                    |             0 |          |
+-------+-------------+----------+-------------------------------------+--------------------------------------------------+---------------+----------+
|    53 |          23 | String   | Nullable=True,Permission=Read       | WhenSynced                                       |             0 |          |
+-------+-------------+----------+-------------------------------------+--------------------------------------------------+---------------+----------+
|    54 |          24 | String   | Nullable=True,Permission=Read       | WhenSynchronized                                 |             0 |          |
+-------+-------------+----------+-------------------------------------+--------------------------------------------------+---------------+----------+
|    55 |          25 | Set      | Nullable=False,Permission=ReadWrite | DataProtectionLineOfService                      |             0 |          |
+-------+-------------+----------+-------------------------------------+--------------------------------------------------+---------------+----------+
|    56 |          26 | Set      | Nullable=False,Permission=Read      | SourceReplica                                    |             0 |          |
+-------+-------------+----------+-------------------------------------+--------------------------------------------------+---------------+----------+
|    57 |          27 | Enum     | Nullable=True,Permission=Read       | ReplicaFaultDomain                               |             2 | 157      |
+-------+-------------+----------+-------------------------------------+--------------------------------------------------+---------------+----------+
|    58 |           0 | Set      |                                     |                                                  |             0 |          |
+-------+-------------+----------+-------------------------------------+--------------------------------------------------+---------------+----------+
|    59 |           0 | Enum     | Nullable=True,Permission=Read       | Health                                           |             3 | 159      |
+-------+-------------+----------+-------------------------------------+--------------------------------------------------+---------------+----------+
|    60 |           1 | Enum     | Nullable=True,Permission=Read       | HealthRollup                                     |             3 | 159      |
+-------+-------------+----------+-------------------------------------+--------------------------------------------------+---------------+----------+
|    61 |           2 | Set      | Nullable=False,                     | Oem                                              |             0 |          |
+-------+-------------+----------+-------------------------------------+--------------------------------------------------+---------------+----------+
|    62 |           3 | Enum     | Nullable=True,Permission=Read       | State                                            |            12 | 162      |
+-------+-------------+----------+-------------------------------------+--------------------------------------------------+---------------+----------+
|    63 |           0 | String   | Nullable=False,Permission=Read      | target                                           |             0 |          |
+-------+-------------+----------+-------------------------------------+--------------------------------------------------+---------------+----------+
|    64 |           1 | String   | Nullable=False,Permission=Read      | title                                            |             0 |          |
+-------+-------------+----------+-------------------------------------+--------------------------------------------------+---------------+----------+
|    65 |           2 | Enum     | Nullable=False,                     | ReplicaType                                      |             4 | 147      |
+-------+-------------+----------+-------------------------------------+--------------------------------------------------+---------------+----------+
|    66 |           3 | Enum     | Nullable=False,                     | ReplicaUpdateMode                                |             4 | 151      |
+-------+-------------+----------+-------------------------------------+--------------------------------------------------+---------------+----------+
|    67 |           4 | String   | Nullable=False,                     | TargetConsistencyGroup                           |             0 |          |
+-------+-------------+----------+-------------------------------------+--------------------------------------------------+---------------+----------+
|    68 |           0 | String   | Nullable=False,Permission=Read      | target                                           |             0 |          |
+-------+-------------+----------+-------------------------------------+--------------------------------------------------+---------------+----------+
|    69 |           1 | String   | Nullable=False,Permission=Read      | title                                            |             0 |          |
+-------+-------------+----------+-------------------------------------+--------------------------------------------------+---------------+----------+
|    70 |           2 | String   | Nullable=False,                     | ConsistencyGroupName                             |             0 |          |
+-------+-------------+----------+-------------------------------------+--------------------------------------------------+---------------+----------+
|    71 |           3 | Enum     | Nullable=False,                     | ReplicaType                                      |             4 | 147      |
+-------+-------------+----------+-------------------------------------+--------------------------------------------------+---------------+----------+
|    72 |           4 | Enum     | Nullable=False,                     | ReplicaUpdateMode                                |             4 | 151      |
+-------+-------------+----------+-------------------------------------+--------------------------------------------------+---------------+----------+
|    73 |           5 | String   | Nullable=False,                     | TargetStoragePool                                |             0 |          |
+-------+-------------+----------+-------------------------------------+--------------------------------------------------+---------------+----------+
|    74 |           0 | String   | Nullable=False,Permission=Read      | target                                           |             0 |          |
+-------+-------------+----------+-------------------------------------+--------------------------------------------------+---------------+----------+
|    75 |           1 | String   | Nullable=False,Permission=Read      | title                                            |             0 |          |
+-------+-------------+----------+-------------------------------------+--------------------------------------------------+---------------+----------+
|    76 |           2 | Boolean  | Nullable=True,                      | DeleteTargetConsistencyGroup                     |             0 |          |
+-------+-------------+----------+-------------------------------------+--------------------------------------------------+---------------+----------+
|    77 |           3 | String   | Nullable=False,                     | TargetConsistencyGroup                           |             0 |          |
+-------+-------------+----------+-------------------------------------+--------------------------------------------------+---------------+----------+
|    78 |           0 | String   | Nullable=False,Permission=Read      | target                                           |             0 |          |
+-------+-------------+----------+-------------------------------------+--------------------------------------------------+---------------+----------+
|    79 |           1 | String   | Nullable=False,Permission=Read      | title                                            |             0 |          |
+-------+-------------+----------+-------------------------------------+--------------------------------------------------+---------------+----------+
|    80 |           2 | String   | Nullable=False,                     | TargetConsistencyGroup                           |             0 |          |
+-------+-------------+----------+-------------------------------------+--------------------------------------------------+---------------+----------+
|    81 |           0 | String   | Nullable=False,Permission=Read      | target                                           |             0 |          |
+-------+-------------+----------+-------------------------------------+--------------------------------------------------+---------------+----------+
|    82 |           1 | String   | Nullable=False,Permission=Read      | title                                            |             0 |          |
+-------+-------------+----------+-------------------------------------+--------------------------------------------------+---------------+----------+
|    83 |           2 | String   | Nullable=False,                     | TargetConsistencyGroup                           |             0 |          |
+-------+-------------+----------+-------------------------------------+--------------------------------------------------+---------------+----------+
|    84 |           0 | String   | Nullable=False,Permission=Read      | target                                           |             0 |          |
+-------+-------------+----------+-------------------------------------+--------------------------------------------------+---------------+----------+
|    85 |           1 | String   | Nullable=False,Permission=Read      | title                                            |             0 |          |
+-------+-------------+----------+-------------------------------------+--------------------------------------------------+---------------+----------+
|    86 |           2 | String   | Nullable=False,                     | TargetConsistencyGroup                           |             0 |          |
+-------+-------------+----------+-------------------------------------+--------------------------------------------------+---------------+----------+
|    87 |           0 | String   | Nullable=False,Permission=Read      | target                                           |             0 |          |
+-------+-------------+----------+-------------------------------------+--------------------------------------------------+---------------+----------+
|    88 |           1 | String   | Nullable=False,Permission=Read      | title                                            |             0 |          |
+-------+-------------+----------+-------------------------------------+--------------------------------------------------+---------------+----------+
|    89 |           2 | String   | Nullable=False,                     | TargetConsistencyGroup                           |             0 |          |
+-------+-------------+----------+-------------------------------------+--------------------------------------------------+---------------+----------+
|    90 |           0 | String   |                                     | Consistent                                       |             0 |          |
+-------+-------------+----------+-------------------------------------+--------------------------------------------------+---------------+----------+
|    91 |           1 | String   |                                     | Inconsistent                                     |             0 |          |
+-------+-------------+----------+-------------------------------------+--------------------------------------------------+---------------+----------+
|    92 |           0 | String   |                                     | Consistent                                       |             0 |          |
+-------+-------------+----------+-------------------------------------+--------------------------------------------------+---------------+----------+
|    93 |           1 | String   |                                     | Disabled                                         |             0 |          |
+-------+-------------+----------+-------------------------------------+--------------------------------------------------+---------------+----------+
|    94 |           2 | String   |                                     | InError                                          |             0 |          |
+-------+-------------+----------+-------------------------------------+--------------------------------------------------+---------------+----------+
|    95 |           3 | String   |                                     | InProgress                                       |             0 |          |
+-------+-------------+----------+-------------------------------------+--------------------------------------------------+---------------+----------+
|    96 |           0 | String   |                                     | SequentiallyConsistent                           |             0 |          |
+-------+-------------+----------+-------------------------------------+--------------------------------------------------+---------------+----------+
|    97 |           0 | String   |                                     | High                                             |             0 |          |
+-------+-------------+----------+-------------------------------------+--------------------------------------------------+---------------+----------+
|    98 |           1 | String   |                                     | Low                                              |             0 |          |
+-------+-------------+----------+-------------------------------------+--------------------------------------------------+---------------+----------+
|    99 |           2 | String   |                                     | Same                                             |             0 |          |
+-------+-------------+----------+-------------------------------------+--------------------------------------------------+---------------+----------+
|   100 |           3 | String   |                                     | Urgent                                           |             0 |          |
+-------+-------------+----------+-------------------------------------+--------------------------------------------------+---------------+----------+
|   101 |           0 | String   |                                     | Aborting                                         |             0 |          |
+-------+-------------+----------+-------------------------------------+--------------------------------------------------+---------------+----------+
|   102 |           1 | String   |                                     | Completed                                        |             0 |          |
+-------+-------------+----------+-------------------------------------+--------------------------------------------------+---------------+----------+
|   103 |           2 | String   |                                     | Detaching                                        |             0 |          |
+-------+-------------+----------+-------------------------------------+--------------------------------------------------+---------------+----------+
|   104 |           3 | String   |                                     | Dormant                                          |             0 |          |
+-------+-------------+----------+-------------------------------------+--------------------------------------------------+---------------+----------+
|   105 |           4 | String   |                                     | FailingBack                                      |             0 |          |
+-------+-------------+----------+-------------------------------------+--------------------------------------------------+---------------+----------+
|   106 |           5 | String   |                                     | FailingOver                                      |             0 |          |
+-------+-------------+----------+-------------------------------------+--------------------------------------------------+---------------+----------+
|   107 |           6 | String   |                                     | Fracturing                                       |             0 |          |
+-------+-------------+----------+-------------------------------------+--------------------------------------------------+---------------+----------+
|   108 |           7 | String   |                                     | Initializing                                     |             0 |          |
+-------+-------------+----------+-------------------------------------+--------------------------------------------------+---------------+----------+
|   109 |           8 | String   |                                     | Mixed                                            |             0 |          |
+-------+-------------+----------+-------------------------------------+--------------------------------------------------+---------------+----------+
|   110 |           9 | String   |                                     | Pending                                          |             0 |          |
+-------+-------------+----------+-------------------------------------+--------------------------------------------------+---------------+----------+
|   111 |          10 | String   |                                     | Preparing                                        |             0 |          |
+-------+-------------+----------+-------------------------------------+--------------------------------------------------+---------------+----------+
|   112 |          11 | String   |                                     | RequiresActivate                                 |             0 |          |
+-------+-------------+----------+-------------------------------------+--------------------------------------------------+---------------+----------+
|   113 |          12 | String   |                                     | RequiresDetach                                   |             0 |          |
+-------+-------------+----------+-------------------------------------+--------------------------------------------------+---------------+----------+
|   114 |          13 | String   |                                     | RequiresFracture                                 |             0 |          |
+-------+-------------+----------+-------------------------------------+--------------------------------------------------+---------------+----------+
|   115 |          14 | String   |                                     | RequiresResume                                   |             0 |          |
+-------+-------------+----------+-------------------------------------+--------------------------------------------------+---------------+----------+
|   116 |          15 | String   |                                     | RequiresResync                                   |             0 |          |
+-------+-------------+----------+-------------------------------------+--------------------------------------------------+---------------+----------+
|   117 |          16 | String   |                                     | RequiresSplit                                    |             0 |          |
+-------+-------------+----------+-------------------------------------+--------------------------------------------------+---------------+----------+
|   118 |          17 | String   |                                     | Restoring                                        |             0 |          |
+-------+-------------+----------+-------------------------------------+--------------------------------------------------+---------------+----------+
|   119 |          18 | String   |                                     | Resyncing                                        |             0 |          |
+-------+-------------+----------+-------------------------------------+--------------------------------------------------+---------------+----------+
|   120 |          19 | String   |                                     | Splitting                                        |             0 |          |
+-------+-------------+----------+-------------------------------------+--------------------------------------------------+---------------+----------+
|   121 |          20 | String   |                                     | Suspending                                       |             0 |          |
+-------+-------------+----------+-------------------------------------+--------------------------------------------------+---------------+----------+
|   122 |          21 | String   |                                     | Synchronizing                                    |             0 |          |
+-------+-------------+----------+-------------------------------------+--------------------------------------------------+---------------+----------+
|   123 |          22 | String   |                                     | Terminating                                      |             0 |          |
+-------+-------------+----------+-------------------------------------+--------------------------------------------------+---------------+----------+
|   124 |           0 | String   |                                     | Both                                             |             0 |          |
+-------+-------------+----------+-------------------------------------+--------------------------------------------------+---------------+----------+
|   125 |           1 | String   |                                     | ReplicaElement                                   |             0 |          |
+-------+-------------+----------+-------------------------------------+--------------------------------------------------+---------------+----------+
|   126 |           2 | String   |                                     | SourceElement                                    |             0 |          |
+-------+-------------+----------+-------------------------------------+--------------------------------------------------+---------------+----------+
|   127 |           0 | String   |                                     | Automatic                                        |             0 |          |
+-------+-------------+----------+-------------------------------------+--------------------------------------------------+---------------+----------+
|   128 |           1 | String   |                                     | Manual                                           |             0 |          |
+-------+-------------+----------+-------------------------------------+--------------------------------------------------+---------------+----------+
|   129 |           0 | String   |                                     | Source                                           |             0 |          |
+-------+-------------+----------+-------------------------------------+--------------------------------------------------+---------------+----------+
|   130 |           1 | String   |                                     | Target                                           |             0 |          |
+-------+-------------+----------+-------------------------------------+--------------------------------------------------+---------------+----------+
|   131 |           0 | String   |                                     | Aborted                                          |             0 |          |
+-------+-------------+----------+-------------------------------------+--------------------------------------------------+---------------+----------+
|   132 |           1 | String   |                                     | Broken                                           |             0 |          |
+-------+-------------+----------+-------------------------------------+--------------------------------------------------+---------------+----------+
|   133 |           2 | String   |                                     | Failedover                                       |             0 |          |
+-------+-------------+----------+-------------------------------------+--------------------------------------------------+---------------+----------+
|   134 |           3 | String   |                                     | Fractured                                        |             0 |          |
+-------+-------------+----------+-------------------------------------+--------------------------------------------------+---------------+----------+
|   135 |           4 | String   |                                     | Inactive                                         |             0 |          |
+-------+-------------+----------+-------------------------------------+--------------------------------------------------+---------------+----------+
|   136 |           5 | String   |                                     | Initialized                                      |             0 |          |
+-------+-------------+----------+-------------------------------------+--------------------------------------------------+---------------+----------+
|   137 |           6 | String   |                                     | Invalid                                          |             0 |          |
+-------+-------------+----------+-------------------------------------+--------------------------------------------------+---------------+----------+
|   138 |           7 | String   |                                     | Mixed                                            |             0 |          |
+-------+-------------+----------+-------------------------------------+--------------------------------------------------+---------------+----------+
|   139 |           8 | String   |                                     | Partitioned                                      |             0 |          |
+-------+-------------+----------+-------------------------------------+--------------------------------------------------+---------------+----------+
|   140 |           9 | String   |                                     | Prepared                                         |             0 |          |
+-------+-------------+----------+-------------------------------------+--------------------------------------------------+---------------+----------+
|   141 |          10 | String   |                                     | Restored                                         |             0 |          |
+-------+-------------+----------+-------------------------------------+--------------------------------------------------+---------------+----------+
|   142 |          11 | String   |                                     | Skewed                                           |             0 |          |
+-------+-------------+----------+-------------------------------------+--------------------------------------------------+---------------+----------+
|   143 |          12 | String   |                                     | Split                                            |             0 |          |
+-------+-------------+----------+-------------------------------------+--------------------------------------------------+---------------+----------+
|   144 |          13 | String   |                                     | Suspended                                        |             0 |          |
+-------+-------------+----------+-------------------------------------+--------------------------------------------------+---------------+----------+
|   145 |          14 | String   |                                     | Synchronized                                     |             0 |          |
+-------+-------------+----------+-------------------------------------+--------------------------------------------------+---------------+----------+
|   146 |          15 | String   |                                     | Unsynchronized                                   |             0 |          |
+-------+-------------+----------+-------------------------------------+--------------------------------------------------+---------------+----------+
|   147 |           0 | String   |                                     | Clone                                            |             0 |          |
+-------+-------------+----------+-------------------------------------+--------------------------------------------------+---------------+----------+
|   148 |           1 | String   |                                     | Mirror                                           |             0 |          |
+-------+-------------+----------+-------------------------------------+--------------------------------------------------+---------------+----------+
|   149 |           2 | String   |                                     | Snapshot                                         |             0 |          |
+-------+-------------+----------+-------------------------------------+--------------------------------------------------+---------------+----------+
|   150 |           3 | String   |                                     | TokenizedClone                                   |             0 |          |
+-------+-------------+----------+-------------------------------------+--------------------------------------------------+---------------+----------+
|   151 |           0 | String   |                                     | Active                                           |             0 |          |
+-------+-------------+----------+-------------------------------------+--------------------------------------------------+---------------+----------+
|   152 |           1 | String   |                                     | Adaptive                                         |             0 |          |
+-------+-------------+----------+-------------------------------------+--------------------------------------------------+---------------+----------+
|   153 |           2 | String   |                                     | Asynchronous                                     |             0 |          |
+-------+-------------+----------+-------------------------------------+--------------------------------------------------+---------------+----------+
|   154 |           3 | String   |                                     | Synchronous                                      |             0 |          |
+-------+-------------+----------+-------------------------------------+--------------------------------------------------+---------------+----------+
|   155 |           0 | String   |                                     | ReplicaElement                                   |             0 |          |
+-------+-------------+----------+-------------------------------------+--------------------------------------------------+---------------+----------+
|   156 |           1 | String   |                                     | SourceElement                                    |             0 |          |
+-------+-------------+----------+-------------------------------------+--------------------------------------------------+---------------+----------+
|   157 |           0 | String   |                                     | Local                                            |             0 |          |
+-------+-------------+----------+-------------------------------------+--------------------------------------------------+---------------+----------+
|   158 |           1 | String   |                                     | Remote                                           |             0 |          |
+-------+-------------+----------+-------------------------------------+--------------------------------------------------+---------------+----------+
|   159 |           0 | String   |                                     | Critical                                         |             0 |          |
+-------+-------------+----------+-------------------------------------+--------------------------------------------------+---------------+----------+
|   160 |           1 | String   |                                     | OK                                               |             0 |          |
+-------+-------------+----------+-------------------------------------+--------------------------------------------------+---------------+----------+
|   161 |           2 | String   |                                     | Warning                                          |             0 |          |
+-------+-------------+----------+-------------------------------------+--------------------------------------------------+---------------+----------+
|   162 |           0 | String   |                                     | Absent                                           |             0 |          |
+-------+-------------+----------+-------------------------------------+--------------------------------------------------+---------------+----------+
|   163 |           1 | String   |                                     | Disabled                                         |             0 |          |
+-------+-------------+----------+-------------------------------------+--------------------------------------------------+---------------+----------+
|   164 |           2 | String   |                                     | Enabled                                          |             0 |          |
+-------+-------------+----------+-------------------------------------+--------------------------------------------------+---------------+----------+
|   165 |           3 | String   |                                     | InTest                                           |             0 |          |
+-------+-------------+----------+-------------------------------------+--------------------------------------------------+---------------+----------+
|   166 |           4 | String   |                                     | StandbyOffline                                   |             0 |          |
+-------+-------------+----------+-------------------------------------+--------------------------------------------------+---------------+----------+
|   167 |           5 | String   |                                     | StandbySpare                                     |             0 |          |
+-------+-------------+----------+-------------------------------------+--------------------------------------------------+---------------+----------+
|   168 |           6 | String   |                                     | Starting                                         |             0 |          |
+-------+-------------+----------+-------------------------------------+--------------------------------------------------+---------------+----------+
|   169 |           7 | String   |                                     | UnavailableOffline                               |             0 |          |
+-------+-------------+----------+-------------------------------------+--------------------------------------------------+---------------+----------+
|   170 |           8 | String   |                                     | Deferring                                        |             0 |          |
+-------+-------------+----------+-------------------------------------+--------------------------------------------------+---------------+----------+
|   171 |           9 | String   |                                     | Quiesced                                         |             0 |          |
+-------+-------------+----------+-------------------------------------+--------------------------------------------------+---------------+----------+
|   172 |          10 | String   |                                     | Updating                                         |             0 |          |
+-------+-------------+----------+-------------------------------------+--------------------------------------------------+---------------+----------+
|   173 |          11 | String   |                                     | Qualified                                        |             0 |          |
+-------+-------------+----------+-------------------------------------+--------------------------------------------------+---------------+----------+
Total Entries: 174
Fixed size consumed (bytes): 1752 (0x6d8)
Field string size consumed (bytes): 1973 (0x7b5)
Total size (bytes): 3725 (0xe8d)
Version: 0XF1F0F100
Signature: 0xa3b8d87e
