+-------+-------------+----------+-------------------------------------+---------------------------------------------+---------------+----------+
|   Row |   Sequence# | Format   | Flags                               | Field String                                |   Child Count | Offset   |
+=======+=============+==========+=====================================+=============================================+===============+==========+
|     0 |           0 | Set      |                                     | DataProtectionLineOfService                 |            14 | 1        |
+-------+-------------+----------+-------------------------------------+---------------------------------------------+---------------+----------+
|     1 |           0 | String   | Nullable=True,Permission=Read       | Description                                 |             0 |          |
+-------+-------------+----------+-------------------------------------+---------------------------------------------+---------------+----------+
|     2 |           1 | String   | Nullable=False,Permission=Read      | Id                                          |             0 |          |
+-------+-------------+----------+-------------------------------------+---------------------------------------------+---------------+----------+
|     3 |           2 | Boolean  | Nullable=True,Permission=ReadWrite  | IsIsolated                                  |             0 |          |
+-------+-------------+----------+-------------------------------------+---------------------------------------------+---------------+----------+
|     4 |           3 | String   | Nullable=True,Permission=ReadWrite  | MinLifetime                                 |             0 |          |
+-------+-------------+----------+-------------------------------------+---------------------------------------------+---------------+----------+
|     5 |           4 | String   | Nullable=False,Permission=Read      | Name                                        |             0 |          |
+-------+-------------+----------+-------------------------------------+---------------------------------------------+---------------+----------+
|     6 |           5 | Set      | Nullable=False,                     | Oem                                         |             0 |          |
+-------+-------------+----------+-------------------------------------+---------------------------------------------+---------------+----------+
|     7 |           6 | Enum     | Nullable=True,Permission=ReadWrite  | RecoveryGeographicObjective                 |             6 | 15       |
+-------+-------------+----------+-------------------------------------+---------------------------------------------+---------------+----------+
|     8 |           7 | String   | Nullable=True,Permission=ReadWrite  | RecoveryPointObjectiveTime                  |             0 |          |
+-------+-------------+----------+-------------------------------------+---------------------------------------------+---------------+----------+
|     9 |           8 | Enum     | Nullable=True,Permission=ReadWrite  | RecoveryTimeObjective                       |             4 | 21       |
+-------+-------------+----------+-------------------------------------+---------------------------------------------+---------------+----------+
|    10 |           9 | Set      | Nullable=False,                     | ReplicaAccessLocation                       |            11 | 25       |
+-------+-------------+----------+-------------------------------------+---------------------------------------------+---------------+----------+
|    11 |          10 | Set      | Nullable=False,Permission=ReadWrite | ReplicaClassOfService                       |             0 |          |
+-------+-------------+----------+-------------------------------------+---------------------------------------------+---------------+----------+
|    12 |          11 | Enum     | Nullable=True,Permission=ReadWrite  | ReplicaType                                 |             4 | 36       |
+-------+-------------+----------+-------------------------------------+---------------------------------------------+---------------+----------+
|    13 |          12 | Set      | Nullable=False,                     | Schedule                                    |             9 | 40       |
+-------+-------------+----------+-------------------------------------+---------------------------------------------+---------------+----------+
|    14 |          13 | Set      | Nullable=False,                     | Actions                                     |             2 | 49       |
+-------+-------------+----------+-------------------------------------+---------------------------------------------+---------------+----------+
|    15 |           0 | String   |                                     | Datacenter                                  |             0 |          |
+-------+-------------+----------+-------------------------------------+---------------------------------------------+---------------+----------+
|    16 |           1 | String   |                                     | Rack                                        |             0 |          |
+-------+-------------+----------+-------------------------------------+---------------------------------------------+---------------+----------+
|    17 |           2 | String   |                                     | RackGroup                                   |             0 |          |
+-------+-------------+----------+-------------------------------------+---------------------------------------------+---------------+----------+
|    18 |           3 | String   |                                     | Region                                      |             0 |          |
+-------+-------------+----------+-------------------------------------+---------------------------------------------+---------------+----------+
|    19 |           4 | String   |                                     | Row                                         |             0 |          |
+-------+-------------+----------+-------------------------------------+---------------------------------------------+---------------+----------+
|    20 |           5 | String   |                                     | Server                                      |             0 |          |
+-------+-------------+----------+-------------------------------------+---------------------------------------------+---------------+----------+
|    21 |           0 | String   |                                     | Nearline                                    |             0 |          |
+-------+-------------+----------+-------------------------------------+---------------------------------------------+---------------+----------+
|    22 |           1 | String   |                                     | Offline                                     |             0 |          |
+-------+-------------+----------+-------------------------------------+---------------------------------------------+---------------+----------+
|    23 |           2 | String   |                                     | OnlineActive                                |             0 |          |
+-------+-------------+----------+-------------------------------------+---------------------------------------------+---------------+----------+
|    24 |           3 | String   |                                     | OnlinePassive                               |             0 |          |
+-------+-------------+----------+-------------------------------------+---------------------------------------------+---------------+----------+
|    25 |           0 | String   | Nullable=True,Permission=Read       | Info                                        |             0 |          |
+-------+-------------+----------+-------------------------------------+---------------------------------------------+---------------+----------+
|    26 |           1 | String   | Nullable=True,Permission=Read       | InfoFormat                                  |             0 |          |
+-------+-------------+----------+-------------------------------------+---------------------------------------------+---------------+----------+
|    27 |           2 | Set      | Nullable=False,                     | Oem                                         |             0 |          |
+-------+-------------+----------+-------------------------------------+---------------------------------------------+---------------+----------+
|    28 |           3 | Set      | Nullable=False,                     | Placement                                   |             5 | 51       |
+-------+-------------+----------+-------------------------------------+---------------------------------------------+---------------+----------+
|    29 |           4 | Set      | Nullable=False,                     | PostalAddress                               |            33 | 56       |
+-------+-------------+----------+-------------------------------------+---------------------------------------------+---------------+----------+
|    30 |           5 | Set      | Nullable=False,                     | PartLocation                                |             5 | 89       |
+-------+-------------+----------+-------------------------------------+---------------------------------------------+---------------+----------+
|    31 |           6 | Real     | Nullable=True,Permission=ReadWrite  | AltitudeMeters                              |             0 |          |
+-------+-------------+----------+-------------------------------------+---------------------------------------------+---------------+----------+
|    32 |           7 | Real     | Nullable=True,Permission=ReadWrite  | Latitude                                    |             0 |          |
+-------+-------------+----------+-------------------------------------+---------------------------------------------+---------------+----------+
|    33 |           8 | Real     | Nullable=True,Permission=ReadWrite  | Longitude                                   |             0 |          |
+-------+-------------+----------+-------------------------------------+---------------------------------------------+---------------+----------+
|    34 |           9 | Array    | Nullable=True,                      | Contacts                                    |             1 | 94       |
+-------+-------------+----------+-------------------------------------+---------------------------------------------+---------------+----------+
|    35 |          10 | String   | Nullable=True,Permission=Read       | PartLocationContext                         |             0 |          |
+-------+-------------+----------+-------------------------------------+---------------------------------------------+---------------+----------+
|    36 |           0 | String   |                                     | Clone                                       |             0 |          |
+-------+-------------+----------+-------------------------------------+---------------------------------------------+---------------+----------+
|    37 |           1 | String   |                                     | Mirror                                      |             0 |          |
+-------+-------------+----------+-------------------------------------+---------------------------------------------+---------------+----------+
|    38 |           2 | String   |                                     | Snapshot                                    |             0 |          |
+-------+-------------+----------+-------------------------------------+---------------------------------------------+---------------+----------+
|    39 |           3 | String   |                                     | TokenizedClone                              |             0 |          |
+-------+-------------+----------+-------------------------------------+---------------------------------------------+---------------+----------+
|    40 |           0 | Array    | Nullable=True,Permission=ReadWrite  | EnabledDaysOfMonth                          |             1 | 98       |
+-------+-------------+----------+-------------------------------------+---------------------------------------------+---------------+----------+
|    41 |           1 | Array    | Nullable=True,Permission=ReadWrite  | EnabledDaysOfWeek                           |             1 | 99       |
+-------+-------------+----------+-------------------------------------+---------------------------------------------+---------------+----------+
|    42 |           2 | Array    | Nullable=True,Permission=ReadWrite  | EnabledMonthsOfYear                         |             1 | 108      |
+-------+-------------+----------+-------------------------------------+---------------------------------------------+---------------+----------+
|    43 |           3 | String   | Nullable=True,Permission=ReadWrite  | InitialStartTime                            |             0 |          |
+-------+-------------+----------+-------------------------------------+---------------------------------------------+---------------+----------+
|    44 |           4 | String   | Nullable=True,Permission=ReadWrite  | Lifetime                                    |             0 |          |
+-------+-------------+----------+-------------------------------------+---------------------------------------------+---------------+----------+
|    45 |           5 | Integer  | Nullable=True,Permission=ReadWrite  | MaxOccurrences                              |             0 |          |
+-------+-------------+----------+-------------------------------------+---------------------------------------------+---------------+----------+
|    46 |           6 | String   | Nullable=True,Permission=ReadWrite  | Name                                        |             0 |          |
+-------+-------------+----------+-------------------------------------+---------------------------------------------+---------------+----------+
|    47 |           7 | String   | Nullable=True,Permission=ReadWrite  | RecurrenceInterval                          |             0 |          |
+-------+-------------+----------+-------------------------------------+---------------------------------------------+---------------+----------+
|    48 |           8 | Array    | Nullable=True,Permission=ReadWrite  | EnabledIntervals                            |             1 | 122      |
+-------+-------------+----------+-------------------------------------+---------------------------------------------+---------------+----------+
|    49 |           0 | Set      | Nullable=False,                     | Oem                                         |             0 |          |
+-------+-------------+----------+-------------------------------------+---------------------------------------------+---------------+----------+
|    50 |           1 | Set      |                                     | #DataProtectionLineOfService.CreateReplicas |             4 | 123      |
+-------+-------------+----------+-------------------------------------+---------------------------------------------+---------------+----------+
|    51 |           0 | String   | Nullable=True,Permission=ReadWrite  | Rack                                        |             0 |          |
+-------+-------------+----------+-------------------------------------+---------------------------------------------+---------------+----------+
|    52 |           1 | Integer  | Nullable=True,Permission=ReadWrite  | RackOffset                                  |             0 |          |
+-------+-------------+----------+-------------------------------------+---------------------------------------------+---------------+----------+
|    53 |           2 | Enum     | Nullable=True,Permission=ReadWrite  | RackOffsetUnits                             |             2 | 127      |
+-------+-------------+----------+-------------------------------------+---------------------------------------------+---------------+----------+
|    54 |           3 | String   | Nullable=True,Permission=ReadWrite  | Row                                         |             0 |          |
+-------+-------------+----------+-------------------------------------+---------------------------------------------+---------------+----------+
|    55 |           4 | String   | Nullable=True,Permission=ReadWrite  | AdditionalInfo                              |             0 |          |
+-------+-------------+----------+-------------------------------------+---------------------------------------------+---------------+----------+
|    56 |           0 | String   | Nullable=True,Permission=ReadWrite  | AdditionalCode                              |             0 |          |
+-------+-------------+----------+-------------------------------------+---------------------------------------------+---------------+----------+
|    57 |           1 | String   | Nullable=True,Permission=ReadWrite  | Building                                    |             0 |          |
+-------+-------------+----------+-------------------------------------+---------------------------------------------+---------------+----------+
|    58 |           2 | String   | Nullable=True,Permission=ReadWrite  | City                                        |             0 |          |
+-------+-------------+----------+-------------------------------------+---------------------------------------------+---------------+----------+
|    59 |           3 | String   | Nullable=True,Permission=ReadWrite  | Community                                   |             0 |          |
+-------+-------------+----------+-------------------------------------+---------------------------------------------+---------------+----------+
|    60 |           4 | String   | Nullable=True,Permission=ReadWrite  | Country                                     |             0 |          |
+-------+-------------+----------+-------------------------------------+---------------------------------------------+---------------+----------+
|    61 |           5 | String   | Nullable=True,Permission=ReadWrite  | District                                    |             0 |          |
+-------+-------------+----------+-------------------------------------+---------------------------------------------+---------------+----------+
|    62 |           6 | String   | Nullable=True,Permission=ReadWrite  | Division                                    |             0 |          |
+-------+-------------+----------+-------------------------------------+---------------------------------------------+---------------+----------+
|    63 |           7 | String   | Nullable=True,Permission=ReadWrite  | Floor                                       |             0 |          |
+-------+-------------+----------+-------------------------------------+---------------------------------------------+---------------+----------+
|    64 |           8 | String   | Nullable=True,Permission=ReadWrite  | GPSCoords                                   |             0 |          |
+-------+-------------+----------+-------------------------------------+---------------------------------------------+---------------+----------+
|    65 |           9 | Integer  | Nullable=True,Permission=ReadWrite  | HouseNumber                                 |             0 |          |
+-------+-------------+----------+-------------------------------------+---------------------------------------------+---------------+----------+
|    66 |          10 | String   | Nullable=True,Permission=ReadWrite  | HouseNumberSuffix                           |             0 |          |
+-------+-------------+----------+-------------------------------------+---------------------------------------------+---------------+----------+
|    67 |          11 | String   | Nullable=True,Permission=ReadWrite  | Landmark                                    |             0 |          |
+-------+-------------+----------+-------------------------------------+---------------------------------------------+---------------+----------+
|    68 |          12 | String   | Nullable=True,Permission=ReadWrite  | LeadingStreetDirection                      |             0 |          |
+-------+-------------+----------+-------------------------------------+---------------------------------------------+---------------+----------+
|    69 |          13 | String   | Nullable=True,Permission=ReadWrite  | Location                                    |             0 |          |
+-------+-------------+----------+-------------------------------------+---------------------------------------------+---------------+----------+
|    70 |          14 | String   | Nullable=True,Permission=ReadWrite  | Name                                        |             0 |          |
+-------+-------------+----------+-------------------------------------+---------------------------------------------+---------------+----------+
|    71 |          15 | String   | Nullable=True,Permission=ReadWrite  | Neighborhood                                |             0 |          |
+-------+-------------+----------+-------------------------------------+---------------------------------------------+---------------+----------+
|    72 |          16 | String   | Nullable=True,Permission=ReadWrite  | POBox                                       |             0 |          |
+-------+-------------+----------+-------------------------------------+---------------------------------------------+---------------+----------+
|    73 |          17 | String   | Nullable=True,Permission=ReadWrite  | PlaceType                                   |             0 |          |
+-------+-------------+----------+-------------------------------------+---------------------------------------------+---------------+----------+
|    74 |          18 | String   | Nullable=True,Permission=ReadWrite  | PostalCode                                  |             0 |          |
+-------+-------------+----------+-------------------------------------+---------------------------------------------+---------------+----------+
|    75 |          19 | String   | Nullable=True,Permission=ReadWrite  | Road                                        |             0 |          |
+-------+-------------+----------+-------------------------------------+---------------------------------------------+---------------+----------+
|    76 |          20 | String   | Nullable=True,Permission=ReadWrite  | RoadBranch                                  |             0 |          |
+-------+-------------+----------+-------------------------------------+---------------------------------------------+---------------+----------+
|    77 |          21 | String   | Nullable=True,Permission=ReadWrite  | RoadPostModifier                            |             0 |          |
+-------+-------------+----------+-------------------------------------+---------------------------------------------+---------------+----------+
|    78 |          22 | String   | Nullable=True,Permission=ReadWrite  | RoadPreModifier                             |             0 |          |
+-------+-------------+----------+-------------------------------------+---------------------------------------------+---------------+----------+
|    79 |          23 | String   | Nullable=True,Permission=ReadWrite  | RoadSection                                 |             0 |          |
+-------+-------------+----------+-------------------------------------+---------------------------------------------+---------------+----------+
|    80 |          24 | String   | Nullable=True,Permission=ReadWrite  | RoadSubBranch                               |             0 |          |
+-------+-------------+----------+-------------------------------------+---------------------------------------------+---------------+----------+
|    81 |          25 | String   | Nullable=True,Permission=ReadWrite  | Room                                        |             0 |          |
+-------+-------------+----------+-------------------------------------+---------------------------------------------+---------------+----------+
|    82 |          26 | String   | Nullable=True,Permission=ReadWrite  | Seat                                        |             0 |          |
+-------+-------------+----------+-------------------------------------+---------------------------------------------+---------------+----------+
|    83 |          27 | String   | Nullable=True,Permission=ReadWrite  | Street                                      |             0 |          |
+-------+-------------+----------+-------------------------------------+---------------------------------------------+---------------+----------+
|    84 |          28 | String   | Nullable=True,Permission=ReadWrite  | StreetSuffix                                |             0 |          |
+-------+-------------+----------+-------------------------------------+---------------------------------------------+---------------+----------+
|    85 |          29 | String   | Nullable=True,Permission=ReadWrite  | Territory                                   |             0 |          |
+-------+-------------+----------+-------------------------------------+---------------------------------------------+---------------+----------+
|    86 |          30 | String   | Nullable=True,Permission=ReadWrite  | TrailingStreetSuffix                        |             0 |          |
+-------+-------------+----------+-------------------------------------+---------------------------------------------+---------------+----------+
|    87 |          31 | String   | Nullable=True,Permission=ReadWrite  | Unit                                        |             0 |          |
+-------+-------------+----------+-------------------------------------+---------------------------------------------+---------------+----------+
|    88 |          32 | String   | Nullable=True,Permission=ReadWrite  | AdditionalInfo                              |             0 |          |
+-------+-------------+----------+-------------------------------------+---------------------------------------------+---------------+----------+
|    89 |           0 | Integer  | Nullable=True,Permission=Read       | LocationOrdinalValue                        |             0 |          |
+-------+-------------+----------+-------------------------------------+---------------------------------------------+---------------+----------+
|    90 |           1 | Enum     | Nullable=True,Permission=Read       | LocationType                                |             6 | 129      |
+-------+-------------+----------+-------------------------------------+---------------------------------------------+---------------+----------+
|    91 |           2 | Enum     | Nullable=True,Permission=Read       | Orientation                                 |             6 | 135      |
+-------+-------------+----------+-------------------------------------+---------------------------------------------+---------------+----------+
|    92 |           3 | Enum     | Nullable=True,Permission=Read       | Reference                                   |             7 | 141      |
+-------+-------------+----------+-------------------------------------+---------------------------------------------+---------------+----------+
|    93 |           4 | String   | Nullable=True,Permission=Read       | ServiceLabel                                |             0 |          |
+-------+-------------+----------+-------------------------------------+---------------------------------------------+---------------+----------+
|    94 |           0 | Set      |                                     |                                             |             3 | 95       |
+-------+-------------+----------+-------------------------------------+---------------------------------------------+---------------+----------+
|    95 |           0 | String   | Nullable=True,Permission=ReadWrite  | ContactName                                 |             0 |          |
+-------+-------------+----------+-------------------------------------+---------------------------------------------+---------------+----------+
|    96 |           1 | String   | Nullable=True,Permission=ReadWrite  | EmailAddress                                |             0 |          |
+-------+-------------+----------+-------------------------------------+---------------------------------------------+---------------+----------+
|    97 |           2 | String   | Nullable=True,Permission=ReadWrite  | PhoneNumber                                 |             0 |          |
+-------+-------------+----------+-------------------------------------+---------------------------------------------+---------------+----------+
|    98 |           0 | Integer  |                                     |                                             |             0 |          |
+-------+-------------+----------+-------------------------------------+---------------------------------------------+---------------+----------+
|    99 |           0 | Enum     |                                     |                                             |             8 | 100      |
+-------+-------------+----------+-------------------------------------+---------------------------------------------+---------------+----------+
|   100 |           0 | String   |                                     | Every                                       |             0 |          |
+-------+-------------+----------+-------------------------------------+---------------------------------------------+---------------+----------+
|   101 |           1 | String   |                                     | Friday                                      |             0 |          |
+-------+-------------+----------+-------------------------------------+---------------------------------------------+---------------+----------+
|   102 |           2 | String   |                                     | Monday                                      |             0 |          |
+-------+-------------+----------+-------------------------------------+---------------------------------------------+---------------+----------+
|   103 |           3 | String   |                                     | Saturday                                    |             0 |          |
+-------+-------------+----------+-------------------------------------+---------------------------------------------+---------------+----------+
|   104 |           4 | String   |                                     | Sunday                                      |             0 |          |
+-------+-------------+----------+-------------------------------------+---------------------------------------------+---------------+----------+
|   105 |           5 | String   |                                     | Thursday                                    |             0 |          |
+-------+-------------+----------+-------------------------------------+---------------------------------------------+---------------+----------+
|   106 |           6 | String   |                                     | Tuesday                                     |             0 |          |
+-------+-------------+----------+-------------------------------------+---------------------------------------------+---------------+----------+
|   107 |           7 | String   |                                     | Wednesday                                   |             0 |          |
+-------+-------------+----------+-------------------------------------+---------------------------------------------+---------------+----------+
|   108 |           0 | Enum     |                                     |                                             |            13 | 109      |
+-------+-------------+----------+-------------------------------------+---------------------------------------------+---------------+----------+
|   109 |           0 | String   |                                     | April                                       |             0 |          |
+-------+-------------+----------+-------------------------------------+---------------------------------------------+---------------+----------+
|   110 |           1 | String   |                                     | August                                      |             0 |          |
+-------+-------------+----------+-------------------------------------+---------------------------------------------+---------------+----------+
|   111 |           2 | String   |                                     | December                                    |             0 |          |
+-------+-------------+----------+-------------------------------------+---------------------------------------------+---------------+----------+
|   112 |           3 | String   |                                     | Every                                       |             0 |          |
+-------+-------------+----------+-------------------------------------+---------------------------------------------+---------------+----------+
|   113 |           4 | String   |                                     | February                                    |             0 |          |
+-------+-------------+----------+-------------------------------------+---------------------------------------------+---------------+----------+
|   114 |           5 | String   |                                     | January                                     |             0 |          |
+-------+-------------+----------+-------------------------------------+---------------------------------------------+---------------+----------+
|   115 |           6 | String   |                                     | July                                        |             0 |          |
+-------+-------------+----------+-------------------------------------+---------------------------------------------+---------------+----------+
|   116 |           7 | String   |                                     | June                                        |             0 |          |
+-------+-------------+----------+-------------------------------------+---------------------------------------------+---------------+----------+
|   117 |           8 | String   |                                     | March                                       |             0 |          |
+-------+-------------+----------+-------------------------------------+---------------------------------------------+---------------+----------+
|   118 |           9 | String   |                                     | May                                         |             0 |          |
+-------+-------------+----------+-------------------------------------+---------------------------------------------+---------------+----------+
|   119 |          10 | String   |                                     | November                                    |             0 |          |
+-------+-------------+----------+-------------------------------------+---------------------------------------------+---------------+----------+
|   120 |          11 | String   |                                     | October                                     |             0 |          |
+-------+-------------+----------+-------------------------------------+---------------------------------------------+---------------+----------+
|   121 |          12 | String   |                                     | September                                   |             0 |          |
+-------+-------------+----------+-------------------------------------+---------------------------------------------+---------------+----------+
|   122 |           0 | String   |                                     |                                             |             0 |          |
+-------+-------------+----------+-------------------------------------+---------------------------------------------+---------------+----------+
|   123 |           0 | String   | Nullable=False,Permission=Read      | target                                      |             0 |          |
+-------+-------------+----------+-------------------------------------+---------------------------------------------+---------------+----------+
|   124 |           1 | String   | Nullable=False,Permission=Read      | title                                       |             0 |          |
+-------+-------------+----------+-------------------------------------+---------------------------------------------+---------------+----------+
|   125 |           2 | Set      | Nullable=False,                     | ReplicaLineOfService                        |            14 | 1        |
+-------+-------------+----------+-------------------------------------+---------------------------------------------+---------------+----------+
|   126 |           3 | Array    | Nullable=True,                      | ReplicaRequests                             |             1 | 148      |
+-------+-------------+----------+-------------------------------------+---------------------------------------------+---------------+----------+
|   127 |           0 | String   |                                     | EIA_310                                     |             0 |          |
+-------+-------------+----------+-------------------------------------+---------------------------------------------+---------------+----------+
|   128 |           1 | String   |                                     | OpenU                                       |             0 |          |
+-------+-------------+----------+-------------------------------------+---------------------------------------------+---------------+----------+
|   129 |           0 | String   |                                     | Bay                                         |             0 |          |
+-------+-------------+----------+-------------------------------------+---------------------------------------------+---------------+----------+
|   130 |           1 | String   |                                     | Connector                                   |             0 |          |
+-------+-------------+----------+-------------------------------------+---------------------------------------------+---------------+----------+
|   131 |           2 | String   |                                     | Slot                                        |             0 |          |
+-------+-------------+----------+-------------------------------------+---------------------------------------------+---------------+----------+
|   132 |           3 | String   |                                     | Socket                                      |             0 |          |
+-------+-------------+----------+-------------------------------------+---------------------------------------------+---------------+----------+
|   133 |           4 | String   |                                     | Backplane                                   |             0 |          |
+-------+-------------+----------+-------------------------------------+---------------------------------------------+---------------+----------+
|   134 |           5 | String   |                                     | Embedded                                    |             0 |          |
+-------+-------------+----------+-------------------------------------+---------------------------------------------+---------------+----------+
|   135 |           0 | String   |                                     | BackToFront                                 |             0 |          |
+-------+-------------+----------+-------------------------------------+---------------------------------------------+---------------+----------+
|   136 |           1 | String   |                                     | BottomToTop                                 |             0 |          |
+-------+-------------+----------+-------------------------------------+---------------------------------------------+---------------+----------+
|   137 |           2 | String   |                                     | FrontToBack                                 |             0 |          |
+-------+-------------+----------+-------------------------------------+---------------------------------------------+---------------+----------+
|   138 |           3 | String   |                                     | LeftToRight                                 |             0 |          |
+-------+-------------+----------+-------------------------------------+---------------------------------------------+---------------+----------+
|   139 |           4 | String   |                                     | RightToLeft                                 |             0 |          |
+-------+-------------+----------+-------------------------------------+---------------------------------------------+---------------+----------+
|   140 |           5 | String   |                                     | TopToBottom                                 |             0 |          |
+-------+-------------+----------+-------------------------------------+---------------------------------------------+---------------+----------+
|   141 |           0 | String   |                                     | Bottom                                      |             0 |          |
+-------+-------------+----------+-------------------------------------+---------------------------------------------+---------------+----------+
|   142 |           1 | String   |                                     | Front                                       |             0 |          |
+-------+-------------+----------+-------------------------------------+---------------------------------------------+---------------+----------+
|   143 |           2 | String   |                                     | Left                                        |             0 |          |
+-------+-------------+----------+-------------------------------------+---------------------------------------------+---------------+----------+
|   144 |           3 | String   |                                     | Middle                                      |             0 |          |
+-------+-------------+----------+-------------------------------------+---------------------------------------------+---------------+----------+
|   145 |           4 | String   |                                     | Rear                                        |             0 |          |
+-------+-------------+----------+-------------------------------------+---------------------------------------------+---------------+----------+
|   146 |           5 | String   |                                     | Right                                       |             0 |          |
+-------+-------------+----------+-------------------------------------+---------------------------------------------+---------------+----------+
|   147 |           6 | String   |                                     | Top                                         |             0 |          |
+-------+-------------+----------+-------------------------------------+---------------------------------------------+---------------+----------+
|   148 |           0 | Set      |                                     |                                             |             2 | 149      |
+-------+-------------+----------+-------------------------------------+---------------------------------------------+---------------+----------+
|   149 |           0 | String   | Nullable=True,Permission=ReadWrite  | ReplicaName                                 |             0 |          |
+-------+-------------+----------+-------------------------------------+---------------------------------------------+---------------+----------+
|   150 |           1 | Set      | Nullable=False,                     | ReplicaSource                               |             0 |          |
+-------+-------------+----------+-------------------------------------+---------------------------------------------+---------------+----------+
Total Entries: 151
Fixed size consumed (bytes): 1522 (0x5f2)
Field string size consumed (bytes): 1616 (0x650)
Total size (bytes): 3138 (0xc42)
Version: 0XF1F3F000
Signature: 0xdbd639d7
