+-------+-------------+----------+-------------------------------------+-----------------------------+---------------+----------+
|   Row |   Sequence# | Format   | Flags                               | Field String                |   Child Count | Offset   |
+=======+=============+==========+=====================================+=============================+===============+==========+
|     0 |           0 | Set      |                                     | DataProtectionLineOfService |            15 | 1        |
+-------+-------------+----------+-------------------------------------+-----------------------------+---------------+----------+
|     1 |           0 | String   | Nullable=True,Permission=Read       | Description                 |             0 |          |
+-------+-------------+----------+-------------------------------------+-----------------------------+---------------+----------+
|     2 |           1 | String   | Nullable=False,Permission=Read      | Id                          |             0 |          |
+-------+-------------+----------+-------------------------------------+-----------------------------+---------------+----------+
|     3 |           2 | Boolean  | Nullable=True,Permission=ReadWrite  | IsIsolated                  |             0 |          |
+-------+-------------+----------+-------------------------------------+-----------------------------+---------------+----------+
|     4 |           3 | String   | Nullable=True,Permission=ReadWrite  | MinLifetime                 |             0 |          |
+-------+-------------+----------+-------------------------------------+-----------------------------+---------------+----------+
|     5 |           4 | String   | Nullable=False,Permission=Read      | Name                        |             0 |          |
+-------+-------------+----------+-------------------------------------+-----------------------------+---------------+----------+
|     6 |           5 | Set      | Nullable=False,                     | Oem                         |             0 |          |
+-------+-------------+----------+-------------------------------------+-----------------------------+---------------+----------+
|     7 |           6 | Enum     | Nullable=True,Permission=ReadWrite  | RecoveryGeographicObjective |             6 | 16       |
+-------+-------------+----------+-------------------------------------+-----------------------------+---------------+----------+
|     8 |           7 | String   | Nullable=True,Permission=ReadWrite  | RecoveryPointObjectiveTime  |             0 |          |
+-------+-------------+----------+-------------------------------------+-----------------------------+---------------+----------+
|     9 |           8 | Enum     | Nullable=True,Permission=ReadWrite  | RecoveryTimeObjective       |             4 | 22       |
+-------+-------------+----------+-------------------------------------+-----------------------------+---------------+----------+
|    10 |           9 | Set      | Nullable=False,                     | ReplicaAccessLocation       |            10 | 26       |
+-------+-------------+----------+-------------------------------------+-----------------------------+---------------+----------+
|    11 |          10 | Set      | Nullable=False,Permission=ReadWrite | ReplicaClassOfService       |             0 |          |
+-------+-------------+----------+-------------------------------------+-----------------------------+---------------+----------+
|    12 |          11 | Enum     | Nullable=True,Permission=ReadWrite  | ReplicaType                 |             4 | 36       |
+-------+-------------+----------+-------------------------------------+-----------------------------+---------------+----------+
|    13 |          12 | Set      | Nullable=False,                     | Schedule                    |             9 | 40       |
+-------+-------------+----------+-------------------------------------+-----------------------------+---------------+----------+
|    14 |          13 | Set      | Nullable=False,                     | Actions                     |             1 | 49       |
+-------+-------------+----------+-------------------------------------+-----------------------------+---------------+----------+
|    15 |          14 | Set      |                                     | CreateReplicas              |             1 | 50       |
+-------+-------------+----------+-------------------------------------+-----------------------------+---------------+----------+
|    16 |           0 | String   |                                     | Datacenter                  |             0 |          |
+-------+-------------+----------+-------------------------------------+-----------------------------+---------------+----------+
|    17 |           1 | String   |                                     | Rack                        |             0 |          |
+-------+-------------+----------+-------------------------------------+-----------------------------+---------------+----------+
|    18 |           2 | String   |                                     | RackGroup                   |             0 |          |
+-------+-------------+----------+-------------------------------------+-----------------------------+---------------+----------+
|    19 |           3 | String   |                                     | Region                      |             0 |          |
+-------+-------------+----------+-------------------------------------+-----------------------------+---------------+----------+
|    20 |           4 | String   |                                     | Row                         |             0 |          |
+-------+-------------+----------+-------------------------------------+-----------------------------+---------------+----------+
|    21 |           5 | String   |                                     | Server                      |             0 |          |
+-------+-------------+----------+-------------------------------------+-----------------------------+---------------+----------+
|    22 |           0 | String   |                                     | Nearline                    |             0 |          |
+-------+-------------+----------+-------------------------------------+-----------------------------+---------------+----------+
|    23 |           1 | String   |                                     | Offline                     |             0 |          |
+-------+-------------+----------+-------------------------------------+-----------------------------+---------------+----------+
|    24 |           2 | String   |                                     | OnlineActive                |             0 |          |
+-------+-------------+----------+-------------------------------------+-----------------------------+---------------+----------+
|    25 |           3 | String   |                                     | OnlinePassive               |             0 |          |
+-------+-------------+----------+-------------------------------------+-----------------------------+---------------+----------+
|    26 |           0 | String   | Nullable=True,Permission=Read       | Info                        |             0 |          |
+-------+-------------+----------+-------------------------------------+-----------------------------+---------------+----------+
|    27 |           1 | String   | Nullable=True,Permission=Read       | InfoFormat                  |             0 |          |
+-------+-------------+----------+-------------------------------------+-----------------------------+---------------+----------+
|    28 |           2 | Set      | Nullable=False,                     | Oem                         |             0 |          |
+-------+-------------+----------+-------------------------------------+-----------------------------+---------------+----------+
|    29 |           3 | Set      | Nullable=False,                     | Placement                   |             5 | 51       |
+-------+-------------+----------+-------------------------------------+-----------------------------+---------------+----------+
|    30 |           4 | Set      | Nullable=False,                     | PostalAddress               |            33 | 56       |
+-------+-------------+----------+-------------------------------------+-----------------------------+---------------+----------+
|    31 |           5 | Set      | Nullable=False,                     | PartLocation                |             5 | 89       |
+-------+-------------+----------+-------------------------------------+-----------------------------+---------------+----------+
|    32 |           6 | Real     | Nullable=True,Permission=ReadWrite  | AltitudeMeters              |             0 |          |
+-------+-------------+----------+-------------------------------------+-----------------------------+---------------+----------+
|    33 |           7 | Real     | Nullable=True,Permission=ReadWrite  | Latitude                    |             0 |          |
+-------+-------------+----------+-------------------------------------+-----------------------------+---------------+----------+
|    34 |           8 | Real     | Nullable=True,Permission=ReadWrite  | Longitude                   |             0 |          |
+-------+-------------+----------+-------------------------------------+-----------------------------+---------------+----------+
|    35 |           9 | Array    | Nullable=True,                      | Contacts                    |             1 | 94       |
+-------+-------------+----------+-------------------------------------+-----------------------------+---------------+----------+
|    36 |           0 | String   |                                     | Clone                       |             0 |          |
+-------+-------------+----------+-------------------------------------+-----------------------------+---------------+----------+
|    37 |           1 | String   |                                     | Mirror                      |             0 |          |
+-------+-------------+----------+-------------------------------------+-----------------------------+---------------+----------+
|    38 |           2 | String   |                                     | Snapshot                    |             0 |          |
+-------+-------------+----------+-------------------------------------+-----------------------------+---------------+----------+
|    39 |           3 | String   |                                     | TokenizedClone              |             0 |          |
+-------+-------------+----------+-------------------------------------+-----------------------------+---------------+----------+
|    40 |           0 | Array    | Nullable=True,Permission=ReadWrite  | EnabledDaysOfMonth          |             1 | 98       |
+-------+-------------+----------+-------------------------------------+-----------------------------+---------------+----------+
|    41 |           1 | Array    | Nullable=True,Permission=ReadWrite  | EnabledDaysOfWeek           |             1 | 99       |
+-------+-------------+----------+-------------------------------------+-----------------------------+---------------+----------+
|    42 |           2 | Array    | Nullable=True,Permission=ReadWrite  | EnabledMonthsOfYear         |             1 | 108      |
+-------+-------------+----------+-------------------------------------+-----------------------------+---------------+----------+
|    43 |           3 | String   | Nullable=True,Permission=ReadWrite  | InitialStartTime            |             0 |          |
+-------+-------------+----------+-------------------------------------+-----------------------------+---------------+----------+
|    44 |           4 | String   | Nullable=True,Permission=ReadWrite  | Lifetime                    |             0 |          |
+-------+-------------+----------+-------------------------------------+-----------------------------+---------------+----------+
|    45 |           5 | Integer  | Nullable=True,Permission=ReadWrite  | MaxOccurrences              |             0 |          |
+-------+-------------+----------+-------------------------------------+-----------------------------+---------------+----------+
|    46 |           6 | String   | Nullable=True,Permission=ReadWrite  | Name                        |             0 |          |
+-------+-------------+----------+-------------------------------------+-----------------------------+---------------+----------+
|    47 |           7 | String   | Nullable=True,Permission=ReadWrite  | RecurrenceInterval          |             0 |          |
+-------+-------------+----------+-------------------------------------+-----------------------------+---------------+----------+
|    48 |           8 | Array    | Nullable=True,Permission=ReadWrite  | EnabledIntervals            |             1 | 122      |
+-------+-------------+----------+-------------------------------------+-----------------------------+---------------+----------+
|    49 |           0 | Set      | Nullable=False,                     | Oem                         |             0 |          |
+-------+-------------+----------+-------------------------------------+-----------------------------+---------------+----------+
|    50 |           0 | Array    | Nullable=True,                      | ReplicaRequests             |             1 | 123      |
+-------+-------------+----------+-------------------------------------+-----------------------------+---------------+----------+
|    51 |           0 | String   | Nullable=True,Permission=ReadWrite  | Rack                        |             0 |          |
+-------+-------------+----------+-------------------------------------+-----------------------------+---------------+----------+
|    52 |           1 | Integer  | Nullable=True,Permission=ReadWrite  | RackOffset                  |             0 |          |
+-------+-------------+----------+-------------------------------------+-----------------------------+---------------+----------+
|    53 |           2 | Enum     | Nullable=True,Permission=ReadWrite  | RackOffsetUnits             |             2 | 126      |
+-------+-------------+----------+-------------------------------------+-----------------------------+---------------+----------+
|    54 |           3 | String   | Nullable=True,Permission=ReadWrite  | Row                         |             0 |          |
+-------+-------------+----------+-------------------------------------+-----------------------------+---------------+----------+
|    55 |           4 | String   | Nullable=True,Permission=ReadWrite  | AdditionalInfo              |             0 |          |
+-------+-------------+----------+-------------------------------------+-----------------------------+---------------+----------+
|    56 |           0 | String   | Nullable=True,Permission=ReadWrite  | AdditionalCode              |             0 |          |
+-------+-------------+----------+-------------------------------------+-----------------------------+---------------+----------+
|    57 |           1 | String   | Nullable=True,Permission=ReadWrite  | Building                    |             0 |          |
+-------+-------------+----------+-------------------------------------+-----------------------------+---------------+----------+
|    58 |           2 | String   | Nullable=True,Permission=ReadWrite  | City                        |             0 |          |
+-------+-------------+----------+-------------------------------------+-----------------------------+---------------+----------+
|    59 |           3 | String   | Nullable=True,Permission=ReadWrite  | Community                   |             0 |          |
+-------+-------------+----------+-------------------------------------+-----------------------------+---------------+----------+
|    60 |           4 | String   | Nullable=True,Permission=ReadWrite  | Country                     |             0 |          |
+-------+-------------+----------+-------------------------------------+-----------------------------+---------------+----------+
|    61 |           5 | String   | Nullable=True,Permission=ReadWrite  | District                    |             0 |          |
+-------+-------------+----------+-------------------------------------+-----------------------------+---------------+----------+
|    62 |           6 | String   | Nullable=True,Permission=ReadWrite  | Division                    |             0 |          |
+-------+-------------+----------+-------------------------------------+-----------------------------+---------------+----------+
|    63 |           7 | String   | Nullable=True,Permission=ReadWrite  | Floor                       |             0 |          |
+-------+-------------+----------+-------------------------------------+-----------------------------+---------------+----------+
|    64 |           8 | String   | Nullable=True,Permission=ReadWrite  | GPSCoords                   |             0 |          |
+-------+-------------+----------+-------------------------------------+-----------------------------+---------------+----------+
|    65 |           9 | Integer  | Nullable=True,Permission=ReadWrite  | HouseNumber                 |             0 |          |
+-------+-------------+----------+-------------------------------------+-----------------------------+---------------+----------+
|    66 |          10 | String   | Nullable=True,Permission=ReadWrite  | HouseNumberSuffix           |             0 |          |
+-------+-------------+----------+-------------------------------------+-----------------------------+---------------+----------+
|    67 |          11 | String   | Nullable=True,Permission=ReadWrite  | Landmark                    |             0 |          |
+-------+-------------+----------+-------------------------------------+-----------------------------+---------------+----------+
|    68 |          12 | String   | Nullable=True,Permission=ReadWrite  | LeadingStreetDirection      |             0 |          |
+-------+-------------+----------+-------------------------------------+-----------------------------+---------------+----------+
|    69 |          13 | String   | Nullable=True,Permission=ReadWrite  | Location                    |             0 |          |
+-------+-------------+----------+-------------------------------------+-----------------------------+---------------+----------+
|    70 |          14 | String   | Nullable=True,Permission=ReadWrite  | Name                        |             0 |          |
+-------+-------------+----------+-------------------------------------+-----------------------------+---------------+----------+
|    71 |          15 | String   | Nullable=True,Permission=ReadWrite  | Neighborhood                |             0 |          |
+-------+-------------+----------+-------------------------------------+-----------------------------+---------------+----------+
|    72 |          16 | String   | Nullable=True,Permission=ReadWrite  | POBox                       |             0 |          |
+-------+-------------+----------+-------------------------------------+-----------------------------+---------------+----------+
|    73 |          17 | String   | Nullable=True,Permission=ReadWrite  | PlaceType                   |             0 |          |
+-------+-------------+----------+-------------------------------------+-----------------------------+---------------+----------+
|    74 |          18 | String   | Nullable=True,Permission=ReadWrite  | PostalCode                  |             0 |          |
+-------+-------------+----------+-------------------------------------+-----------------------------+---------------+----------+
|    75 |          19 | String   | Nullable=True,Permission=ReadWrite  | Road                        |             0 |          |
+-------+-------------+----------+-------------------------------------+-----------------------------+---------------+----------+
|    76 |          20 | String   | Nullable=True,Permission=ReadWrite  | RoadBranch                  |             0 |          |
+-------+-------------+----------+-------------------------------------+-----------------------------+---------------+----------+
|    77 |          21 | String   | Nullable=True,Permission=ReadWrite  | RoadPostModifier            |             0 |          |
+-------+-------------+----------+-------------------------------------+-----------------------------+---------------+----------+
|    78 |          22 | String   | Nullable=True,Permission=ReadWrite  | RoadPreModifier             |             0 |          |
+-------+-------------+----------+-------------------------------------+-----------------------------+---------------+----------+
|    79 |          23 | String   | Nullable=True,Permission=ReadWrite  | RoadSection                 |             0 |          |
+-------+-------------+----------+-------------------------------------+-----------------------------+---------------+----------+
|    80 |          24 | String   | Nullable=True,Permission=ReadWrite  | RoadSubBranch               |             0 |          |
+-------+-------------+----------+-------------------------------------+-----------------------------+---------------+----------+
|    81 |          25 | String   | Nullable=True,Permission=ReadWrite  | Room                        |             0 |          |
+-------+-------------+----------+-------------------------------------+-----------------------------+---------------+----------+
|    82 |          26 | String   | Nullable=True,Permission=ReadWrite  | Seat                        |             0 |          |
+-------+-------------+----------+-------------------------------------+-----------------------------+---------------+----------+
|    83 |          27 | String   | Nullable=True,Permission=ReadWrite  | Street                      |             0 |          |
+-------+-------------+----------+-------------------------------------+-----------------------------+---------------+----------+
|    84 |          28 | String   | Nullable=True,Permission=ReadWrite  | StreetSuffix                |             0 |          |
+-------+-------------+----------+-------------------------------------+-----------------------------+---------------+----------+
|    85 |          29 | String   | Nullable=True,Permission=ReadWrite  | Territory                   |             0 |          |
+-------+-------------+----------+-------------------------------------+-----------------------------+---------------+----------+
|    86 |          30 | String   | Nullable=True,Permission=ReadWrite  | TrailingStreetSuffix        |             0 |          |
+-------+-------------+----------+-------------------------------------+-----------------------------+---------------+----------+
|    87 |          31 | String   | Nullable=True,Permission=ReadWrite  | Unit                        |             0 |          |
+-------+-------------+----------+-------------------------------------+-----------------------------+---------------+----------+
|    88 |          32 | String   | Nullable=True,Permission=ReadWrite  | AdditionalInfo              |             0 |          |
+-------+-------------+----------+-------------------------------------+-----------------------------+---------------+----------+
|    89 |           0 | Integer  | Nullable=True,Permission=Read       | LocationOrdinalValue        |             0 |          |
+-------+-------------+----------+-------------------------------------+-----------------------------+---------------+----------+
|    90 |           1 | Enum     | Nullable=True,Permission=Read       | LocationType                |             4 | 128      |
+-------+-------------+----------+-------------------------------------+-----------------------------+---------------+----------+
|    91 |           2 | Enum     | Nullable=True,Permission=Read       | Orientation                 |             6 | 132      |
+-------+-------------+----------+-------------------------------------+-----------------------------+---------------+----------+
|    92 |           3 | Enum     | Nullable=True,Permission=Read       | Reference                   |             7 | 138      |
+-------+-------------+----------+-------------------------------------+-----------------------------+---------------+----------+
|    93 |           4 | String   | Nullable=True,Permission=Read       | ServiceLabel                |             0 |          |
+-------+-------------+----------+-------------------------------------+-----------------------------+---------------+----------+
|    94 |           0 | Set      |                                     |                             |             3 | 95       |
+-------+-------------+----------+-------------------------------------+-----------------------------+---------------+----------+
|    95 |           0 | String   | Nullable=True,Permission=ReadWrite  | ContactName                 |             0 |          |
+-------+-------------+----------+-------------------------------------+-----------------------------+---------------+----------+
|    96 |           1 | String   | Nullable=True,Permission=ReadWrite  | EmailAddress                |             0 |          |
+-------+-------------+----------+-------------------------------------+-----------------------------+---------------+----------+
|    97 |           2 | String   | Nullable=True,Permission=ReadWrite  | PhoneNumber                 |             0 |          |
+-------+-------------+----------+-------------------------------------+-----------------------------+---------------+----------+
|    98 |           0 | Integer  |                                     |                             |             0 |          |
+-------+-------------+----------+-------------------------------------+-----------------------------+---------------+----------+
|    99 |           0 | Enum     |                                     |                             |             8 | 100      |
+-------+-------------+----------+-------------------------------------+-----------------------------+---------------+----------+
|   100 |           0 | String   |                                     | Every                       |             0 |          |
+-------+-------------+----------+-------------------------------------+-----------------------------+---------------+----------+
|   101 |           1 | String   |                                     | Friday                      |             0 |          |
+-------+-------------+----------+-------------------------------------+-----------------------------+---------------+----------+
|   102 |           2 | String   |                                     | Monday                      |             0 |          |
+-------+-------------+----------+-------------------------------------+-----------------------------+---------------+----------+
|   103 |           3 | String   |                                     | Saturday                    |             0 |          |
+-------+-------------+----------+-------------------------------------+-----------------------------+---------------+----------+
|   104 |           4 | String   |                                     | Sunday                      |             0 |          |
+-------+-------------+----------+-------------------------------------+-----------------------------+---------------+----------+
|   105 |           5 | String   |                                     | Thursday                    |             0 |          |
+-------+-------------+----------+-------------------------------------+-----------------------------+---------------+----------+
|   106 |           6 | String   |                                     | Tuesday                     |             0 |          |
+-------+-------------+----------+-------------------------------------+-----------------------------+---------------+----------+
|   107 |           7 | String   |                                     | Wednesday                   |             0 |          |
+-------+-------------+----------+-------------------------------------+-----------------------------+---------------+----------+
|   108 |           0 | Enum     |                                     |                             |            13 | 109      |
+-------+-------------+----------+-------------------------------------+-----------------------------+---------------+----------+
|   109 |           0 | String   |                                     | April                       |             0 |          |
+-------+-------------+----------+-------------------------------------+-----------------------------+---------------+----------+
|   110 |           1 | String   |                                     | August                      |             0 |          |
+-------+-------------+----------+-------------------------------------+-----------------------------+---------------+----------+
|   111 |           2 | String   |                                     | December                    |             0 |          |
+-------+-------------+----------+-------------------------------------+-----------------------------+---------------+----------+
|   112 |           3 | String   |                                     | Every                       |             0 |          |
+-------+-------------+----------+-------------------------------------+-----------------------------+---------------+----------+
|   113 |           4 | String   |                                     | February                    |             0 |          |
+-------+-------------+----------+-------------------------------------+-----------------------------+---------------+----------+
|   114 |           5 | String   |                                     | January                     |             0 |          |
+-------+-------------+----------+-------------------------------------+-----------------------------+---------------+----------+
|   115 |           6 | String   |                                     | July                        |             0 |          |
+-------+-------------+----------+-------------------------------------+-----------------------------+---------------+----------+
|   116 |           7 | String   |                                     | June                        |             0 |          |
+-------+-------------+----------+-------------------------------------+-----------------------------+---------------+----------+
|   117 |           8 | String   |                                     | March                       |             0 |          |
+-------+-------------+----------+-------------------------------------+-----------------------------+---------------+----------+
|   118 |           9 | String   |                                     | May                         |             0 |          |
+-------+-------------+----------+-------------------------------------+-----------------------------+---------------+----------+
|   119 |          10 | String   |                                     | November                    |             0 |          |
+-------+-------------+----------+-------------------------------------+-----------------------------+---------------+----------+
|   120 |          11 | String   |                                     | October                     |             0 |          |
+-------+-------------+----------+-------------------------------------+-----------------------------+---------------+----------+
|   121 |          12 | String   |                                     | September                   |             0 |          |
+-------+-------------+----------+-------------------------------------+-----------------------------+---------------+----------+
|   122 |           0 | String   |                                     |                             |             0 |          |
+-------+-------------+----------+-------------------------------------+-----------------------------+---------------+----------+
|   123 |           0 | Set      |                                     |                             |             2 | 124      |
+-------+-------------+----------+-------------------------------------+-----------------------------+---------------+----------+
|   124 |           0 | String   | Nullable=True,Permission=ReadWrite  | ReplicaName                 |             0 |          |
+-------+-------------+----------+-------------------------------------+-----------------------------+---------------+----------+
|   125 |           1 | Set      | Nullable=False,                     | ReplicaSource               |             0 |          |
+-------+-------------+----------+-------------------------------------+-----------------------------+---------------+----------+
|   126 |           0 | String   |                                     | EIA_310                     |             0 |          |
+-------+-------------+----------+-------------------------------------+-----------------------------+---------------+----------+
|   127 |           1 | String   |                                     | OpenU                       |             0 |          |
+-------+-------------+----------+-------------------------------------+-----------------------------+---------------+----------+
|   128 |           0 | String   |                                     | Bay                         |             0 |          |
+-------+-------------+----------+-------------------------------------+-----------------------------+---------------+----------+
|   129 |           1 | String   |                                     | Connector                   |             0 |          |
+-------+-------------+----------+-------------------------------------+-----------------------------+---------------+----------+
|   130 |           2 | String   |                                     | Slot                        |             0 |          |
+-------+-------------+----------+-------------------------------------+-----------------------------+---------------+----------+
|   131 |           3 | String   |                                     | Socket                      |             0 |          |
+-------+-------------+----------+-------------------------------------+-----------------------------+---------------+----------+
|   132 |           0 | String   |                                     | BackToFront                 |             0 |          |
+-------+-------------+----------+-------------------------------------+-----------------------------+---------------+----------+
|   133 |           1 | String   |                                     | BottomToTop                 |             0 |          |
+-------+-------------+----------+-------------------------------------+-----------------------------+---------------+----------+
|   134 |           2 | String   |                                     | FrontToBack                 |             0 |          |
+-------+-------------+----------+-------------------------------------+-----------------------------+---------------+----------+
|   135 |           3 | String   |                                     | LeftToRight                 |             0 |          |
+-------+-------------+----------+-------------------------------------+-----------------------------+---------------+----------+
|   136 |           4 | String   |                                     | RightToLeft                 |             0 |          |
+-------+-------------+----------+-------------------------------------+-----------------------------+---------------+----------+
|   137 |           5 | String   |                                     | TopToBottom                 |             0 |          |
+-------+-------------+----------+-------------------------------------+-----------------------------+---------------+----------+
|   138 |           0 | String   |                                     | Bottom                      |             0 |          |
+-------+-------------+----------+-------------------------------------+-----------------------------+---------------+----------+
|   139 |           1 | String   |                                     | Front                       |             0 |          |
+-------+-------------+----------+-------------------------------------+-----------------------------+---------------+----------+
|   140 |           2 | String   |                                     | Left                        |             0 |          |
+-------+-------------+----------+-------------------------------------+-----------------------------+---------------+----------+
|   141 |           3 | String   |                                     | Middle                      |             0 |          |
+-------+-------------+----------+-------------------------------------+-----------------------------+---------------+----------+
|   142 |           4 | String   |                                     | Rear                        |             0 |          |
+-------+-------------+----------+-------------------------------------+-----------------------------+---------------+----------+
|   143 |           5 | String   |                                     | Right                       |             0 |          |
+-------+-------------+----------+-------------------------------------+-----------------------------+---------------+----------+
|   144 |           6 | String   |                                     | Top                         |             0 |          |
+-------+-------------+----------+-------------------------------------+-----------------------------+---------------+----------+
Total Entries: 145
Fixed size consumed (bytes): 1462 (0x5b6)
Field string size consumed (bytes): 1514 (0x5ea)
Total size (bytes): 2976 (0xba0)
Version: 0XF1F2F100
Signature: 0x8de1f755
