+-------+-------------+----------+--------------------------------+------------------+---------------+----------+
|   Row |   Sequence# | Format   | Flags                          | Field String     |   Child Count | Offset   |
+=======+=============+==========+================================+==================+===============+==========+
|     0 |           0 | Set      |                                | FeaturesRegistry |            10 | 1        |
+-------+-------------+----------+--------------------------------+------------------+---------------+----------+
|     1 |           0 | Set      | Nullable=False,                | Actions          |             1 | 11       |
+-------+-------------+----------+--------------------------------+------------------+---------------+----------+
|     2 |           1 | String   | Nullable=True,Permission=Read  | Description      |             0 |          |
+-------+-------------+----------+--------------------------------+------------------+---------------+----------+
|     3 |           2 | Set      | Nullable=False,                | Features         |             0 |          |
+-------+-------------+----------+--------------------------------+------------------+---------------+----------+
|     4 |           3 | String   | Nullable=False,Permission=Read | Id               |             0 |          |
+-------+-------------+----------+--------------------------------+------------------+---------------+----------+
|     5 |           4 | String   | Nullable=False,Permission=Read | Language         |             0 |          |
+-------+-------------+----------+--------------------------------+------------------+---------------+----------+
|     6 |           5 | String   | Nullable=False,Permission=Read | Name             |             0 |          |
+-------+-------------+----------+--------------------------------+------------------+---------------+----------+
|     7 |           6 | Set      | Nullable=False,                | Oem              |             0 |          |
+-------+-------------+----------+--------------------------------+------------------+---------------+----------+
|     8 |           7 | String   | Nullable=False,Permission=Read | OwningEntity     |             0 |          |
+-------+-------------+----------+--------------------------------+------------------+---------------+----------+
|     9 |           8 | String   | Nullable=False,Permission=Read | RegistryPrefix   |             0 |          |
+-------+-------------+----------+--------------------------------+------------------+---------------+----------+
|    10 |           9 | String   | Nullable=False,Permission=Read | RegistryVersion  |             0 |          |
+-------+-------------+----------+--------------------------------+------------------+---------------+----------+
|    11 |           0 | Set      | Nullable=False,                | Oem              |             0 |          |
+-------+-------------+----------+--------------------------------+------------------+---------------+----------+
Total Entries: 12
Fixed size consumed (bytes): 132 (0x84)
Field string size consumed (bytes): 206 (0xce)
Total size (bytes): 338 (0x152)
Version: 0XF1F1F000
Signature: 0xef18b857
