+-------+-------------+----------+------------------------------------+--------------------+---------------+----------+
|   Row |   Sequence# | Format   | Flags                              | Field String       |   Child Count | Offset   |
+=======+=============+==========+====================================+====================+===============+==========+
|     0 |           0 | Set      |                                    | FileSystemMetrics  |             6 | 1        |
+-------+-------------+----------+------------------------------------+--------------------+---------------+----------+
|     1 |           0 | Set      | Nullable=False,                    | Actions            |             1 | 7        |
+-------+-------------+----------+------------------------------------+--------------------+---------------+----------+
|     2 |           1 | String   | Nullable=True,Permission=Read      | Description        |             0 |          |
+-------+-------------+----------+------------------------------------+--------------------+---------------+----------+
|     3 |           2 | Set      | Nullable=False,                    | IOStatistics       |            10 | 8        |
+-------+-------------+----------+------------------------------------+--------------------+---------------+----------+
|     4 |           3 | String   | Nullable=False,Permission=Read     | Id                 |             0 |          |
+-------+-------------+----------+------------------------------------+--------------------+---------------+----------+
|     5 |           4 | String   | Nullable=False,Permission=Read     | Name               |             0 |          |
+-------+-------------+----------+------------------------------------+--------------------+---------------+----------+
|     6 |           5 | Set      | Nullable=False,                    | Oem                |             0 |          |
+-------+-------------+----------+------------------------------------+--------------------+---------------+----------+
|     7 |           0 | Set      | Nullable=False,                    | Oem                |             0 |          |
+-------+-------------+----------+------------------------------------+--------------------+---------------+----------+
|     8 |           0 | String   | Nullable=True,Permission=ReadWrite | NonIORequestTime   |             0 |          |
+-------+-------------+----------+------------------------------------+--------------------+---------------+----------+
|     9 |           1 | Integer  | Nullable=True,Permission=ReadWrite | NonIORequests      |             0 |          |
+-------+-------------+----------+------------------------------------+--------------------+---------------+----------+
|    10 |           2 | Integer  | Nullable=True,Permission=ReadWrite | ReadHitIORequests  |             0 |          |
+-------+-------------+----------+------------------------------------+--------------------+---------------+----------+
|    11 |           3 | Integer  | Nullable=True,Permission=ReadWrite | ReadIOKiBytes      |             0 |          |
+-------+-------------+----------+------------------------------------+--------------------+---------------+----------+
|    12 |           4 | String   | Nullable=True,Permission=ReadWrite | ReadIORequestTime  |             0 |          |
+-------+-------------+----------+------------------------------------+--------------------+---------------+----------+
|    13 |           5 | Integer  | Nullable=True,Permission=ReadWrite | ReadIORequests     |             0 |          |
+-------+-------------+----------+------------------------------------+--------------------+---------------+----------+
|    14 |           6 | Integer  | Nullable=True,Permission=ReadWrite | WriteHitIORequests |             0 |          |
+-------+-------------+----------+------------------------------------+--------------------+---------------+----------+
|    15 |           7 | Integer  | Nullable=True,Permission=ReadWrite | WriteIOKiBytes     |             0 |          |
+-------+-------------+----------+------------------------------------+--------------------+---------------+----------+
|    16 |           8 | String   | Nullable=True,Permission=ReadWrite | WriteIORequestTime |             0 |          |
+-------+-------------+----------+------------------------------------+--------------------+---------------+----------+
|    17 |           9 | Integer  | Nullable=True,Permission=ReadWrite | WriteIORequests    |             0 |          |
+-------+-------------+----------+------------------------------------+--------------------+---------------+----------+
Total Entries: 18
Fixed size consumed (bytes): 192 (0xc0)
Field string size consumed (bytes): 323 (0x143)
Total size (bytes): 515 (0x203)
Version: 0XF1F0F100
Signature: 0xbdce5b13
