+-------+-------------+----------+------------------------------------+---------------------------------------+---------------+----------+
|   Row |   Sequence# | Format   | Flags                              | Field String                          |   Child Count | Offset   |
+=======+=============+==========+====================================+=======================================+===============+==========+
|     0 |           0 | Set      |                                    | NVMeDomain                            |            12 | 1        |
+-------+-------------+----------+------------------------------------+---------------------------------------+---------------+----------+
|     1 |           0 | Set      | Nullable=False,                    | Actions                               |             1 | 13       |
+-------+-------------+----------+------------------------------------+---------------------------------------+---------------+----------+
|     2 |           1 | Array    | Nullable=True,                     | AvailableFirmwareImages               |             1 | 14       |
+-------+-------------+----------+------------------------------------+---------------------------------------+---------------+----------+
|     3 |           2 | String   | Nullable=True,Permission=Read      | Description                           |             0 |          |
+-------+-------------+----------+------------------------------------+---------------------------------------+---------------+----------+
|     4 |           3 | Array    | Nullable=True,Permission=ReadWrite | DomainMembers                         |             1 | 14       |
+-------+-------------+----------+------------------------------------+---------------------------------------+---------------+----------+
|     5 |           4 | String   | Nullable=False,Permission=Read     | Id                                    |             0 |          |
+-------+-------------+----------+------------------------------------+---------------------------------------+---------------+----------+
|     6 |           5 | Set      | Nullable=False,                    | Links                                 |             2 | 15       |
+-------+-------------+----------+------------------------------------+---------------------------------------+---------------+----------+
|     7 |           6 | Integer  | Nullable=True,Permission=Read      | MaximumCapacityPerEnduranceGroupBytes |             0 |          |
+-------+-------------+----------+------------------------------------+---------------------------------------+---------------+----------+
|     8 |           7 | String   | Nullable=False,Permission=Read     | Name                                  |             0 |          |
+-------+-------------+----------+------------------------------------+---------------------------------------+---------------+----------+
|     9 |           8 | Set      | Nullable=False,                    | Oem                                   |             0 |          |
+-------+-------------+----------+------------------------------------+---------------------------------------+---------------+----------+
|    10 |           9 | Set      | Nullable=False,                    | Status                                |             5 | 17       |
+-------+-------------+----------+------------------------------------+---------------------------------------+---------------+----------+
|    11 |          10 | Integer  | Nullable=True,Permission=Read      | TotalDomainCapacityBytes              |             0 |          |
+-------+-------------+----------+------------------------------------+---------------------------------------+---------------+----------+
|    12 |          11 | Integer  | Nullable=True,Permission=Read      | UnallocatedDomainCapacityBytes        |             0 |          |
+-------+-------------+----------+------------------------------------+---------------------------------------+---------------+----------+
|    13 |           0 | Set      | Nullable=False,                    | Oem                                   |             0 |          |
+-------+-------------+----------+------------------------------------+---------------------------------------+---------------+----------+
|    14 |           0 | Set      |                                    |                                       |             0 |          |
+-------+-------------+----------+------------------------------------+---------------------------------------+---------------+----------+
|    15 |           0 | Array    | Nullable=True,Permission=Read      | AssociatedDomains                     |             1 | 14       |
+-------+-------------+----------+------------------------------------+---------------------------------------+---------------+----------+
|    16 |           1 | Set      | Nullable=False,                    | Oem                                   |             0 |          |
+-------+-------------+----------+------------------------------------+---------------------------------------+---------------+----------+
|    17 |           0 | Array    | Nullable=True,                     | Conditions                            |             1 | 22       |
+-------+-------------+----------+------------------------------------+---------------------------------------+---------------+----------+
|    18 |           1 | Enum     | Nullable=True,Permission=Read      | Health                                |             3 | 30       |
+-------+-------------+----------+------------------------------------+---------------------------------------+---------------+----------+
|    19 |           2 | Enum     | Nullable=True,Permission=Read      | HealthRollup                          |             3 | 30       |
+-------+-------------+----------+------------------------------------+---------------------------------------+---------------+----------+
|    20 |           3 | Set      | Nullable=False,                    | Oem                                   |             0 |          |
+-------+-------------+----------+------------------------------------+---------------------------------------+---------------+----------+
|    21 |           4 | Enum     | Nullable=True,Permission=Read      | State                                 |            12 | 33       |
+-------+-------------+----------+------------------------------------+---------------------------------------+---------------+----------+
|    22 |           0 | Set      |                                    |                                       |             7 | 23       |
+-------+-------------+----------+------------------------------------+---------------------------------------+---------------+----------+
|    23 |           0 | Set      | Nullable=False,Permission=Read     | LogEntry                              |             0 |          |
+-------+-------------+----------+------------------------------------+---------------------------------------+---------------+----------+
|    24 |           1 | String   | Nullable=False,Permission=Read     | Message                               |             0 |          |
+-------+-------------+----------+------------------------------------+---------------------------------------+---------------+----------+
|    25 |           2 | Array    | Nullable=False,Permission=Read     | MessageArgs                           |             1 | 45       |
+-------+-------------+----------+------------------------------------+---------------------------------------+---------------+----------+
|    26 |           3 | String   | Nullable=False,Permission=Read     | MessageId                             |             0 |          |
+-------+-------------+----------+------------------------------------+---------------------------------------+---------------+----------+
|    27 |           4 | Set      | Nullable=False,Permission=Read     | OriginOfCondition                     |             0 |          |
+-------+-------------+----------+------------------------------------+---------------------------------------+---------------+----------+
|    28 |           5 | Enum     | Nullable=False,Permission=Read     | Severity                              |             3 | 30       |
+-------+-------------+----------+------------------------------------+---------------------------------------+---------------+----------+
|    29 |           6 | String   | Nullable=False,Permission=Read     | Timestamp                             |             0 |          |
+-------+-------------+----------+------------------------------------+---------------------------------------+---------------+----------+
|    30 |           0 | String   |                                    | Critical                              |             0 |          |
+-------+-------------+----------+------------------------------------+---------------------------------------+---------------+----------+
|    31 |           1 | String   |                                    | OK                                    |             0 |          |
+-------+-------------+----------+------------------------------------+---------------------------------------+---------------+----------+
|    32 |           2 | String   |                                    | Warning                               |             0 |          |
+-------+-------------+----------+------------------------------------+---------------------------------------+---------------+----------+
|    33 |           0 | String   |                                    | Absent                                |             0 |          |
+-------+-------------+----------+------------------------------------+---------------------------------------+---------------+----------+
|    34 |           1 | String   |                                    | Disabled                              |             0 |          |
+-------+-------------+----------+------------------------------------+---------------------------------------+---------------+----------+
|    35 |           2 | String   |                                    | Enabled                               |             0 |          |
+-------+-------------+----------+------------------------------------+---------------------------------------+---------------+----------+
|    36 |           3 | String   |                                    | InTest                                |             0 |          |
+-------+-------------+----------+------------------------------------+---------------------------------------+---------------+----------+
|    37 |           4 | String   |                                    | StandbyOffline                        |             0 |          |
+-------+-------------+----------+------------------------------------+---------------------------------------+---------------+----------+
|    38 |           5 | String   |                                    | StandbySpare                          |             0 |          |
+-------+-------------+----------+------------------------------------+---------------------------------------+---------------+----------+
|    39 |           6 | String   |                                    | Starting                              |             0 |          |
+-------+-------------+----------+------------------------------------+---------------------------------------+---------------+----------+
|    40 |           7 | String   |                                    | UnavailableOffline                    |             0 |          |
+-------+-------------+----------+------------------------------------+---------------------------------------+---------------+----------+
|    41 |           8 | String   |                                    | Deferring                             |             0 |          |
+-------+-------------+----------+------------------------------------+---------------------------------------+---------------+----------+
|    42 |           9 | String   |                                    | Quiesced                              |             0 |          |
+-------+-------------+----------+------------------------------------+---------------------------------------+---------------+----------+
|    43 |          10 | String   |                                    | Updating                              |             0 |          |
+-------+-------------+----------+------------------------------------+---------------------------------------+---------------+----------+
|    44 |          11 | String   |                                    | Qualified                             |             0 |          |
+-------+-------------+----------+------------------------------------+---------------------------------------+---------------+----------+
|    45 |           0 | String   |                                    |                                       |             0 |          |
+-------+-------------+----------+------------------------------------+---------------------------------------+---------------+----------+
Total Entries: 46
Fixed size consumed (bytes): 472 (0x1d8)
Field string size consumed (bytes): 559 (0x22f)
Total size (bytes): 1031 (0x407)
Version: 0XF1F1F000
Signature: 0x9687c2bc
