+-------+-------------+----------+------------------------------------+---------------------------------------+---------------+----------+
|   Row |   Sequence# | Format   | Flags                              | Field String                          |   Child Count | Offset   |
+=======+=============+==========+====================================+=======================================+===============+==========+
|     0 |           0 | Set      |                                    | NVMeDomain                            |            12 | 1        |
+-------+-------------+----------+------------------------------------+---------------------------------------+---------------+----------+
|     1 |           0 | Set      | Nullable=False,                    | Actions                               |             1 | 13       |
+-------+-------------+----------+------------------------------------+---------------------------------------+---------------+----------+
|     2 |           1 | Array    | Nullable=True,                     | AvailableFirmwareImages               |             1 | 14       |
+-------+-------------+----------+------------------------------------+---------------------------------------+---------------+----------+
|     3 |           2 | String   | Nullable=True,Permission=Read      | Description                           |             0 |          |
+-------+-------------+----------+------------------------------------+---------------------------------------+---------------+----------+
|     4 |           3 | Array    | Nullable=True,Permission=ReadWrite | DomainMembers                         |             1 | 14       |
+-------+-------------+----------+------------------------------------+---------------------------------------+---------------+----------+
|     5 |           4 | String   | Nullable=False,Permission=Read     | Id                                    |             0 |          |
+-------+-------------+----------+------------------------------------+---------------------------------------+---------------+----------+
|     6 |           5 | Set      | Nullable=False,                    | Links                                 |             2 | 15       |
+-------+-------------+----------+------------------------------------+---------------------------------------+---------------+----------+
|     7 |           6 | Integer  | Nullable=True,Permission=Read      | MaximumCapacityPerEnduranceGroupBytes |             0 |          |
+-------+-------------+----------+------------------------------------+---------------------------------------+---------------+----------+
|     8 |           7 | String   | Nullable=False,Permission=Read     | Name                                  |             0 |          |
+-------+-------------+----------+------------------------------------+---------------------------------------+---------------+----------+
|     9 |           8 | Set      | Nullable=False,                    | Oem                                   |             0 |          |
+-------+-------------+----------+------------------------------------+---------------------------------------+---------------+----------+
|    10 |           9 | Set      | Nullable=False,                    | Status                                |             5 | 17       |
+-------+-------------+----------+------------------------------------+---------------------------------------+---------------+----------+
|    11 |          10 | Integer  | Nullable=True,Permission=Read      | TotalDomainCapacityBytes              |             0 |          |
+-------+-------------+----------+------------------------------------+---------------------------------------+---------------+----------+
|    12 |          11 | Integer  | Nullable=True,Permission=Read      | UnallocatedDomainCapacityBytes        |             0 |          |
+-------+-------------+----------+------------------------------------+---------------------------------------+---------------+----------+
|    13 |           0 | Set      | Nullable=False,                    | Oem                                   |             0 |          |
+-------+-------------+----------+------------------------------------+---------------------------------------+---------------+----------+
|    14 |           0 | Set      |                                    |                                       |             0 |          |
+-------+-------------+----------+------------------------------------+---------------------------------------+---------------+----------+
|    15 |           0 | Array    | Nullable=True,Permission=Read      | AssociatedDomains                     |             1 | 14       |
+-------+-------------+----------+------------------------------------+---------------------------------------+---------------+----------+
|    16 |           1 | Set      | Nullable=False,                    | Oem                                   |             0 |          |
+-------+-------------+----------+------------------------------------+---------------------------------------+---------------+----------+
|    17 |           0 | Enum     | Nullable=True,Permission=Read      | Health                                |             3 | 22       |
+-------+-------------+----------+------------------------------------+---------------------------------------+---------------+----------+
|    18 |           1 | Enum     | Nullable=True,Permission=Read      | HealthRollup                          |             3 | 22       |
+-------+-------------+----------+------------------------------------+---------------------------------------+---------------+----------+
|    19 |           2 | Set      | Nullable=False,                    | Oem                                   |             0 |          |
+-------+-------------+----------+------------------------------------+---------------------------------------+---------------+----------+
|    20 |           3 | Enum     | Nullable=True,Permission=Read      | State                                 |            12 | 25       |
+-------+-------------+----------+------------------------------------+---------------------------------------+---------------+----------+
|    21 |           4 | Array    | Nullable=True,                     | Conditions                            |             1 | 37       |
+-------+-------------+----------+------------------------------------+---------------------------------------+---------------+----------+
|    22 |           0 | String   |                                    | Critical                              |             0 |          |
+-------+-------------+----------+------------------------------------+---------------------------------------+---------------+----------+
|    23 |           1 | String   |                                    | OK                                    |             0 |          |
+-------+-------------+----------+------------------------------------+---------------------------------------+---------------+----------+
|    24 |           2 | String   |                                    | Warning                               |             0 |          |
+-------+-------------+----------+------------------------------------+---------------------------------------+---------------+----------+
|    25 |           0 | String   |                                    | Absent                                |             0 |          |
+-------+-------------+----------+------------------------------------+---------------------------------------+---------------+----------+
|    26 |           1 | String   |                                    | Disabled                              |             0 |          |
+-------+-------------+----------+------------------------------------+---------------------------------------+---------------+----------+
|    27 |           2 | String   |                                    | Enabled                               |             0 |          |
+-------+-------------+----------+------------------------------------+---------------------------------------+---------------+----------+
|    28 |           3 | String   |                                    | InTest                                |             0 |          |
+-------+-------------+----------+------------------------------------+---------------------------------------+---------------+----------+
|    29 |           4 | String   |                                    | StandbyOffline                        |             0 |          |
+-------+-------------+----------+------------------------------------+---------------------------------------+---------------+----------+
|    30 |           5 | String   |                                    | StandbySpare                          |             0 |          |
+-------+-------------+----------+------------------------------------+---------------------------------------+---------------+----------+
|    31 |           6 | String   |                                    | Starting                              |             0 |          |
+-------+-------------+----------+------------------------------------+---------------------------------------+---------------+----------+
|    32 |           7 | String   |                                    | UnavailableOffline                    |             0 |          |
+-------+-------------+----------+------------------------------------+---------------------------------------+---------------+----------+
|    33 |           8 | String   |                                    | Deferring                             |             0 |          |
+-------+-------------+----------+------------------------------------+---------------------------------------+---------------+----------+
|    34 |           9 | String   |                                    | Quiesced                              |             0 |          |
+-------+-------------+----------+------------------------------------+---------------------------------------+---------------+----------+
|    35 |          10 | String   |                                    | Updating                              |             0 |          |
+-------+-------------+----------+------------------------------------+---------------------------------------+---------------+----------+
|    36 |          11 | String   |                                    | Qualified                             |             0 |          |
+-------+-------------+----------+------------------------------------+---------------------------------------+---------------+----------+
|    37 |           0 | Set      |                                    |                                       |             8 | 38       |
+-------+-------------+----------+------------------------------------+---------------------------------------+---------------+----------+
|    38 |           0 | Set      | Nullable=False,Permission=Read     | LogEntry                              |             0 |          |
+-------+-------------+----------+------------------------------------+---------------------------------------+---------------+----------+
|    39 |           1 | String   | Nullable=False,Permission=Read     | Message                               |             0 |          |
+-------+-------------+----------+------------------------------------+---------------------------------------+---------------+----------+
|    40 |           2 | Array    | Nullable=False,Permission=Read     | MessageArgs                           |             1 | 46       |
+-------+-------------+----------+------------------------------------+---------------------------------------+---------------+----------+
|    41 |           3 | String   | Nullable=False,Permission=Read     | MessageId                             |             0 |          |
+-------+-------------+----------+------------------------------------+---------------------------------------+---------------+----------+
|    42 |           4 | Set      | Nullable=False,Permission=Read     | OriginOfCondition                     |             0 |          |
+-------+-------------+----------+------------------------------------+---------------------------------------+---------------+----------+
|    43 |           5 | Enum     | Nullable=False,Permission=Read     | Severity                              |             3 | 22       |
+-------+-------------+----------+------------------------------------+---------------------------------------+---------------+----------+
|    44 |           6 | String   | Nullable=False,Permission=Read     | Timestamp                             |             0 |          |
+-------+-------------+----------+------------------------------------+---------------------------------------+---------------+----------+
|    45 |           7 | String   | Nullable=False,Permission=Read     | Resolution                            |             0 |          |
+-------+-------------+----------+------------------------------------+---------------------------------------+---------------+----------+
|    46 |           0 | String   |                                    |                                       |             0 |          |
+-------+-------------+----------+------------------------------------+---------------------------------------+---------------+----------+
Total Entries: 47
Fixed size consumed (bytes): 482 (0x1e2)
Field string size consumed (bytes): 570 (0x23a)
Total size (bytes): 1052 (0x41c)
Version: 0XF1F1F000
Signature: 0x77abc120
