+-------+-------------+----------+------------------------------------+---------------------------------------+---------------+----------+
|   Row |   Sequence# | Format   | Flags                              | Field String                          |   Child Count | Offset   |
+=======+=============+==========+====================================+=======================================+===============+==========+
|     0 |           0 | Set      |                                    | NVMeDomain                            |            12 | 1        |
+-------+-------------+----------+------------------------------------+---------------------------------------+---------------+----------+
|     1 |           0 | Set      | Nullable=False,                    | Actions                               |             1 | 13       |
+-------+-------------+----------+------------------------------------+---------------------------------------+---------------+----------+
|     2 |           1 | Array    | Nullable=True,                     | AvailableFirmwareImages               |             1 | 14       |
+-------+-------------+----------+------------------------------------+---------------------------------------+---------------+----------+
|     3 |           2 | String   | Nullable=True,Permission=Read      | Description                           |             0 |          |
+-------+-------------+----------+------------------------------------+---------------------------------------+---------------+----------+
|     4 |           3 | Array    | Nullable=True,Permission=ReadWrite | DomainMembers                         |             1 | 14       |
+-------+-------------+----------+------------------------------------+---------------------------------------+---------------+----------+
|     5 |           4 | String   | Nullable=False,Permission=Read     | Id                                    |             0 |          |
+-------+-------------+----------+------------------------------------+---------------------------------------+---------------+----------+
|     6 |           5 | Set      | Nullable=False,                    | Links                                 |             2 | 15       |
+-------+-------------+----------+------------------------------------+---------------------------------------+---------------+----------+
|     7 |           6 | Integer  | Nullable=True,Permission=Read      | MaximumCapacityPerEnduranceGroupBytes |             0 |          |
+-------+-------------+----------+------------------------------------+---------------------------------------+---------------+----------+
|     8 |           7 | String   | Nullable=False,Permission=Read     | Name                                  |             0 |          |
+-------+-------------+----------+------------------------------------+---------------------------------------+---------------+----------+
|     9 |           8 | Set      | Nullable=False,                    | Oem                                   |             0 |          |
+-------+-------------+----------+------------------------------------+---------------------------------------+---------------+----------+
|    10 |           9 | Set      | Nullable=False,                    | Status                                |             4 | 17       |
+-------+-------------+----------+------------------------------------+---------------------------------------+---------------+----------+
|    11 |          10 | Integer  | Nullable=True,Permission=Read      | TotalDomainCapacityBytes              |             0 |          |
+-------+-------------+----------+------------------------------------+---------------------------------------+---------------+----------+
|    12 |          11 | Integer  | Nullable=True,Permission=Read      | UnallocatedDomainCapacityBytes        |             0 |          |
+-------+-------------+----------+------------------------------------+---------------------------------------+---------------+----------+
|    13 |           0 | Set      | Nullable=False,                    | Oem                                   |             0 |          |
+-------+-------------+----------+------------------------------------+---------------------------------------+---------------+----------+
|    14 |           0 | Set      |                                    |                                       |             0 |          |
+-------+-------------+----------+------------------------------------+---------------------------------------+---------------+----------+
|    15 |           0 | Array    | Nullable=True,Permission=Read      | AssociatedDomains                     |             1 | 14       |
+-------+-------------+----------+------------------------------------+---------------------------------------+---------------+----------+
|    16 |           1 | Set      | Nullable=False,                    | Oem                                   |             0 |          |
+-------+-------------+----------+------------------------------------+---------------------------------------+---------------+----------+
|    17 |           0 | Enum     | Nullable=True,Permission=Read      | Health                                |             3 | 21       |
+-------+-------------+----------+------------------------------------+---------------------------------------+---------------+----------+
|    18 |           1 | Enum     | Nullable=True,Permission=Read      | HealthRollup                          |             3 | 21       |
+-------+-------------+----------+------------------------------------+---------------------------------------+---------------+----------+
|    19 |           2 | Set      | Nullable=False,                    | Oem                                   |             0 |          |
+-------+-------------+----------+------------------------------------+---------------------------------------+---------------+----------+
|    20 |           3 | Enum     | Nullable=True,Permission=Read      | State                                 |            12 | 24       |
+-------+-------------+----------+------------------------------------+---------------------------------------+---------------+----------+
|    21 |           0 | String   |                                    | Critical                              |             0 |          |
+-------+-------------+----------+------------------------------------+---------------------------------------+---------------+----------+
|    22 |           1 | String   |                                    | OK                                    |             0 |          |
+-------+-------------+----------+------------------------------------+---------------------------------------+---------------+----------+
|    23 |           2 | String   |                                    | Warning                               |             0 |          |
+-------+-------------+----------+------------------------------------+---------------------------------------+---------------+----------+
|    24 |           0 | String   |                                    | Absent                                |             0 |          |
+-------+-------------+----------+------------------------------------+---------------------------------------+---------------+----------+
|    25 |           1 | String   |                                    | Disabled                              |             0 |          |
+-------+-------------+----------+------------------------------------+---------------------------------------+---------------+----------+
|    26 |           2 | String   |                                    | Enabled                               |             0 |          |
+-------+-------------+----------+------------------------------------+---------------------------------------+---------------+----------+
|    27 |           3 | String   |                                    | InTest                                |             0 |          |
+-------+-------------+----------+------------------------------------+---------------------------------------+---------------+----------+
|    28 |           4 | String   |                                    | StandbyOffline                        |             0 |          |
+-------+-------------+----------+------------------------------------+---------------------------------------+---------------+----------+
|    29 |           5 | String   |                                    | StandbySpare                          |             0 |          |
+-------+-------------+----------+------------------------------------+---------------------------------------+---------------+----------+
|    30 |           6 | String   |                                    | Starting                              |             0 |          |
+-------+-------------+----------+------------------------------------+---------------------------------------+---------------+----------+
|    31 |           7 | String   |                                    | UnavailableOffline                    |             0 |          |
+-------+-------------+----------+------------------------------------+---------------------------------------+---------------+----------+
|    32 |           8 | String   |                                    | Deferring                             |             0 |          |
+-------+-------------+----------+------------------------------------+---------------------------------------+---------------+----------+
|    33 |           9 | String   |                                    | Quiesced                              |             0 |          |
+-------+-------------+----------+------------------------------------+---------------------------------------+---------------+----------+
|    34 |          10 | String   |                                    | Updating                              |             0 |          |
+-------+-------------+----------+------------------------------------+---------------------------------------+---------------+----------+
|    35 |          11 | String   |                                    | Qualified                             |             0 |          |
+-------+-------------+----------+------------------------------------+---------------------------------------+---------------+----------+
Total Entries: 36
Fixed size consumed (bytes): 372 (0x174)
Field string size consumed (bytes): 472 (0x1d8)
Total size (bytes): 844 (0x34c)
Version: 0XF1F0F000
Signature: 0x52e2b580
