+-------+-------------+----------+-------------------------------------+----------------------------------+---------------+----------+
|   Row |   Sequence# | Format   | Flags                               | Field String                     |   Child Count | Offset   |
+=======+=============+==========+=====================================+==================================+===============+==========+
|     0 |           0 | Set      |                                     | StorageService                   |            30 | 1        |
+-------+-------------+----------+-------------------------------------+----------------------------------+---------------+----------+
|     1 |           0 | Set      | Nullable=False,                     | Actions                          |             2 | 31       |
+-------+-------------+----------+-------------------------------------+----------------------------------+---------------+----------+
|     2 |           1 | Set      | Nullable=False,Permission=ReadWrite | ClassesOfService                 |             0 |          |
+-------+-------------+----------+-------------------------------------+----------------------------------+---------------+----------+
|     3 |           2 | Set      | Nullable=False,Permission=ReadWrite | ClientEndpointGroups             |             0 |          |
+-------+-------------+----------+-------------------------------------+----------------------------------+---------------+----------+
|     4 |           3 | String   | Nullable=True,Permission=Read       | Description                      |             0 |          |
+-------+-------------+----------+-------------------------------------+----------------------------------+---------------+----------+
|     5 |           4 | Set      | Nullable=False,Permission=Read      | Drives                           |             0 |          |
+-------+-------------+----------+-------------------------------------+----------------------------------+---------------+----------+
|     6 |           5 | Set      | Nullable=False,Permission=ReadWrite | EndpointGroups                   |             0 |          |
+-------+-------------+----------+-------------------------------------+----------------------------------+---------------+----------+
|     7 |           6 | Set      | Nullable=False,Permission=Read      | Endpoints                        |             0 |          |
+-------+-------------+----------+-------------------------------------+----------------------------------+---------------+----------+
|     8 |           7 | Set      | Nullable=False,Permission=ReadWrite | FileSystems                      |             0 |          |
+-------+-------------+----------+-------------------------------------+----------------------------------+---------------+----------+
|     9 |           8 | String   | Nullable=False,Permission=Read      | Id                               |             0 |          |
+-------+-------------+----------+-------------------------------------+----------------------------------+---------------+----------+
|    10 |           9 | Set      | Nullable=False,                     | Identifier                       |             2 | 33       |
+-------+-------------+----------+-------------------------------------+----------------------------------+---------------+----------+
|    11 |          10 | Set      | Nullable=False,                     | Links                            |             8 | 35       |
+-------+-------------+----------+-------------------------------------+----------------------------------+---------------+----------+
|    12 |          11 | String   | Nullable=False,Permission=Read      | Name                             |             0 |          |
+-------+-------------+----------+-------------------------------------+----------------------------------+---------------+----------+
|    13 |          12 | Set      | Nullable=False,                     | Oem                              |             0 |          |
+-------+-------------+----------+-------------------------------------+----------------------------------+---------------+----------+
|    14 |          13 | Array    | Nullable=True,Permission=Read       | Redundancy                       |             1 | 43       |
+-------+-------------+----------+-------------------------------------+----------------------------------+---------------+----------+
|    15 |          14 | Set      | Nullable=False,Permission=ReadWrite | ServerEndpointGroups             |             0 |          |
+-------+-------------+----------+-------------------------------------+----------------------------------+---------------+----------+
|    16 |          15 | Set      | Nullable=False,                     | Status                           |             4 | 54       |
+-------+-------------+----------+-------------------------------------+----------------------------------+---------------+----------+
|    17 |          16 | Set      | Nullable=False,Permission=Read      | StorageGroups                    |             0 |          |
+-------+-------------+----------+-------------------------------------+----------------------------------+---------------+----------+
|    18 |          17 | Set      | Nullable=False,Permission=Read      | StoragePools                     |             0 |          |
+-------+-------------+----------+-------------------------------------+----------------------------------+---------------+----------+
|    19 |          18 | Set      | Nullable=False,Permission=ReadWrite | Volumes                          |             0 |          |
+-------+-------------+----------+-------------------------------------+----------------------------------+---------------+----------+
|    20 |          19 | Set      | Nullable=False,Permission=Read      | StorageSubsystems                |             0 |          |
+-------+-------------+----------+-------------------------------------+----------------------------------+---------------+----------+
|    21 |          20 | Set      | Nullable=False,Permission=ReadWrite | DataProtectionLoSCapabilities    |             0 |          |
+-------+-------------+----------+-------------------------------------+----------------------------------+---------------+----------+
|    22 |          21 | Set      | Nullable=False,Permission=ReadWrite | DataSecurityLoSCapabilities      |             0 |          |
+-------+-------------+----------+-------------------------------------+----------------------------------+---------------+----------+
|    23 |          22 | Set      | Nullable=False,Permission=ReadWrite | DataStorageLoSCapabilities       |             0 |          |
+-------+-------------+----------+-------------------------------------+----------------------------------+---------------+----------+
|    24 |          23 | Set      | Nullable=False,Permission=ReadWrite | DefaultClassOfService            |             0 |          |
+-------+-------------+----------+-------------------------------------+----------------------------------+---------------+----------+
|    25 |          24 | Set      | Nullable=False,Permission=ReadWrite | IOConnectivityLoSCapabilities    |             0 |          |
+-------+-------------+----------+-------------------------------------+----------------------------------+---------------+----------+
|    26 |          25 | Set      | Nullable=False,Permission=ReadWrite | IOPerformanceLoSCapabilities     |             0 |          |
+-------+-------------+----------+-------------------------------------+----------------------------------+---------------+----------+
|    27 |          26 | Set      | Nullable=False,                     | IOStatistics                     |            10 | 58       |
+-------+-------------+----------+-------------------------------------+----------------------------------+---------------+----------+
|    28 |          27 | Array    | Nullable=True,Permission=ReadWrite  | SpareResourceSets                |             1 | 68       |
+-------+-------------+----------+-------------------------------------+----------------------------------+---------------+----------+
|    29 |          28 | Set      | Nullable=False,Permission=ReadWrite | ConsistencyGroups                |             0 |          |
+-------+-------------+----------+-------------------------------------+----------------------------------+---------------+----------+
|    30 |          29 | Array    | Nullable=True,Permission=ReadWrite  | LinesOfService                   |             1 | 68       |
+-------+-------------+----------+-------------------------------------+----------------------------------+---------------+----------+
|    31 |           0 | Set      | Nullable=False,                     | Oem                              |             0 |          |
+-------+-------------+----------+-------------------------------------+----------------------------------+---------------+----------+
|    32 |           1 | Set      |                                     | #StorageService.SetEncryptionKey |             3 | 69       |
+-------+-------------+----------+-------------------------------------+----------------------------------+---------------+----------+
|    33 |           0 | String   | Nullable=True,Permission=Read       | DurableName                      |             0 |          |
+-------+-------------+----------+-------------------------------------+----------------------------------+---------------+----------+
|    34 |           1 | Enum     | Nullable=True,Permission=Read       | DurableNameFormat                |             7 | 72       |
+-------+-------------+----------+-------------------------------------+----------------------------------+---------------+----------+
|    35 |           0 | Set      | Nullable=False,Permission=ReadWrite | DataProtectionLoSCapabilities    |             0 |          |
+-------+-------------+----------+-------------------------------------+----------------------------------+---------------+----------+
|    36 |           1 | Set      | Nullable=False,Permission=ReadWrite | DataSecurityLoSCapabilities      |             0 |          |
+-------+-------------+----------+-------------------------------------+----------------------------------+---------------+----------+
|    37 |           2 | Set      | Nullable=False,Permission=ReadWrite | DataStorageLoSCapabilities       |             0 |          |
+-------+-------------+----------+-------------------------------------+----------------------------------+---------------+----------+
|    38 |           3 | Set      | Nullable=False,Permission=ReadWrite | DefaultClassOfService            |             0 |          |
+-------+-------------+----------+-------------------------------------+----------------------------------+---------------+----------+
|    39 |           4 | Set      | Nullable=False,                     | HostingSystem                    |             0 |          |
+-------+-------------+----------+-------------------------------------+----------------------------------+---------------+----------+
|    40 |           5 | Set      | Nullable=False,Permission=ReadWrite | IOConnectivityLoSCapabilities    |             0 |          |
+-------+-------------+----------+-------------------------------------+----------------------------------+---------------+----------+
|    41 |           6 | Set      | Nullable=False,Permission=ReadWrite | IOPerformanceLoSCapabilities     |             0 |          |
+-------+-------------+----------+-------------------------------------+----------------------------------+---------------+----------+
|    42 |           7 | Set      | Nullable=False,                     | Oem                              |             0 |          |
+-------+-------------+----------+-------------------------------------+----------------------------------+---------------+----------+
|    43 |           0 | Set      |                                     |                                  |            10 | 44       |
+-------+-------------+----------+-------------------------------------+----------------------------------+---------------+----------+
|    44 |           0 | Integer  | Nullable=True,Permission=Read       | MaxNumSupported                  |             0 |          |
+-------+-------------+----------+-------------------------------------+----------------------------------+---------------+----------+
|    45 |           1 | String   | Nullable=False,Permission=Read      | MemberId                         |             0 |          |
+-------+-------------+----------+-------------------------------------+----------------------------------+---------------+----------+
|    46 |           2 | Integer  | Nullable=True,Permission=Read       | MinNumNeeded                     |             0 |          |
+-------+-------------+----------+-------------------------------------+----------------------------------+---------------+----------+
|    47 |           3 | String   | Nullable=True,Permission=ReadWrite  | Mode                             |             0 |          |
+-------+-------------+----------+-------------------------------------+----------------------------------+---------------+----------+
|    48 |           4 | String   | Nullable=False,Permission=Read      | Name                             |             0 |          |
+-------+-------------+----------+-------------------------------------+----------------------------------+---------------+----------+
|    49 |           5 | Set      | Nullable=False,                     | Oem                              |             0 |          |
+-------+-------------+----------+-------------------------------------+----------------------------------+---------------+----------+
|    50 |           6 | Array    | Nullable=True,Permission=Read       | RedundancySet                    |             1 | 68       |
+-------+-------------+----------+-------------------------------------+----------------------------------+---------------+----------+
|    51 |           7 | Set      | Nullable=False,                     | Status                           |             4 | 54       |
+-------+-------------+----------+-------------------------------------+----------------------------------+---------------+----------+
|    52 |           8 | Boolean  | Nullable=True,Permission=ReadWrite  | RedundancyEnabled                |             0 |          |
+-------+-------------+----------+-------------------------------------+----------------------------------+---------------+----------+
|    53 |           9 | Set      | Nullable=False,                     | Actions                          |             1 | 79       |
+-------+-------------+----------+-------------------------------------+----------------------------------+---------------+----------+
|    54 |           0 | Enum     | Nullable=True,Permission=Read       | Health                           |             3 | 80       |
+-------+-------------+----------+-------------------------------------+----------------------------------+---------------+----------+
|    55 |           1 | Enum     | Nullable=True,Permission=Read       | HealthRollup                     |             3 | 80       |
+-------+-------------+----------+-------------------------------------+----------------------------------+---------------+----------+
|    56 |           2 | Set      | Nullable=False,                     | Oem                              |             0 |          |
+-------+-------------+----------+-------------------------------------+----------------------------------+---------------+----------+
|    57 |           3 | Enum     | Nullable=True,Permission=Read       | State                            |            12 | 83       |
+-------+-------------+----------+-------------------------------------+----------------------------------+---------------+----------+
|    58 |           0 | String   | Nullable=True,Permission=ReadWrite  | NonIORequestTime                 |             0 |          |
+-------+-------------+----------+-------------------------------------+----------------------------------+---------------+----------+
|    59 |           1 | Integer  | Nullable=True,Permission=ReadWrite  | NonIORequests                    |             0 |          |
+-------+-------------+----------+-------------------------------------+----------------------------------+---------------+----------+
|    60 |           2 | Integer  | Nullable=True,Permission=ReadWrite  | ReadHitIORequests                |             0 |          |
+-------+-------------+----------+-------------------------------------+----------------------------------+---------------+----------+
|    61 |           3 | Integer  | Nullable=True,Permission=ReadWrite  | ReadIOKiBytes                    |             0 |          |
+-------+-------------+----------+-------------------------------------+----------------------------------+---------------+----------+
|    62 |           4 | String   | Nullable=True,Permission=ReadWrite  | ReadIORequestTime                |             0 |          |
+-------+-------------+----------+-------------------------------------+----------------------------------+---------------+----------+
|    63 |           5 | Integer  | Nullable=True,Permission=ReadWrite  | ReadIORequests                   |             0 |          |
+-------+-------------+----------+-------------------------------------+----------------------------------+---------------+----------+
|    64 |           6 | Integer  | Nullable=True,Permission=ReadWrite  | WriteHitIORequests               |             0 |          |
+-------+-------------+----------+-------------------------------------+----------------------------------+---------------+----------+
|    65 |           7 | Integer  | Nullable=True,Permission=ReadWrite  | WriteIOKiBytes                   |             0 |          |
+-------+-------------+----------+-------------------------------------+----------------------------------+---------------+----------+
|    66 |           8 | String   | Nullable=True,Permission=ReadWrite  | WriteIORequestTime               |             0 |          |
+-------+-------------+----------+-------------------------------------+----------------------------------+---------------+----------+
|    67 |           9 | Integer  | Nullable=True,Permission=ReadWrite  | WriteIORequests                  |             0 |          |
+-------+-------------+----------+-------------------------------------+----------------------------------+---------------+----------+
|    68 |           0 | Set      |                                     |                                  |             0 |          |
+-------+-------------+----------+-------------------------------------+----------------------------------+---------------+----------+
|    69 |           0 | String   | Nullable=False,Permission=Read      | target                           |             0 |          |
+-------+-------------+----------+-------------------------------------+----------------------------------+---------------+----------+
|    70 |           1 | String   | Nullable=False,Permission=Read      | title                            |             0 |          |
+-------+-------------+----------+-------------------------------------+----------------------------------+---------------+----------+
|    71 |           2 | String   | Nullable=True,                      | EncryptionKey                    |             0 |          |
+-------+-------------+----------+-------------------------------------+----------------------------------+---------------+----------+
|    72 |           0 | String   |                                     | EUI                              |             0 |          |
+-------+-------------+----------+-------------------------------------+----------------------------------+---------------+----------+
|    73 |           1 | String   |                                     | FC_WWN                           |             0 |          |
+-------+-------------+----------+-------------------------------------+----------------------------------+---------------+----------+
|    74 |           2 | String   |                                     | iQN                              |             0 |          |
+-------+-------------+----------+-------------------------------------+----------------------------------+---------------+----------+
|    75 |           3 | String   |                                     | NAA                              |             0 |          |
+-------+-------------+----------+-------------------------------------+----------------------------------+---------------+----------+
|    76 |           4 | String   |                                     | UUID                             |             0 |          |
+-------+-------------+----------+-------------------------------------+----------------------------------+---------------+----------+
|    77 |           5 | String   |                                     | NQN                              |             0 |          |
+-------+-------------+----------+-------------------------------------+----------------------------------+---------------+----------+
|    78 |           6 | String   |                                     | NSID                             |             0 |          |
+-------+-------------+----------+-------------------------------------+----------------------------------+---------------+----------+
|    79 |           0 | Set      | Nullable=False,                     | Oem                              |             0 |          |
+-------+-------------+----------+-------------------------------------+----------------------------------+---------------+----------+
|    80 |           0 | String   |                                     | Critical                         |             0 |          |
+-------+-------------+----------+-------------------------------------+----------------------------------+---------------+----------+
|    81 |           1 | String   |                                     | OK                               |             0 |          |
+-------+-------------+----------+-------------------------------------+----------------------------------+---------------+----------+
|    82 |           2 | String   |                                     | Warning                          |             0 |          |
+-------+-------------+----------+-------------------------------------+----------------------------------+---------------+----------+
|    83 |           0 | String   |                                     | Absent                           |             0 |          |
+-------+-------------+----------+-------------------------------------+----------------------------------+---------------+----------+
|    84 |           1 | String   |                                     | Disabled                         |             0 |          |
+-------+-------------+----------+-------------------------------------+----------------------------------+---------------+----------+
|    85 |           2 | String   |                                     | Enabled                          |             0 |          |
+-------+-------------+----------+-------------------------------------+----------------------------------+---------------+----------+
|    86 |           3 | String   |                                     | InTest                           |             0 |          |
+-------+-------------+----------+-------------------------------------+----------------------------------+---------------+----------+
|    87 |           4 | String   |                                     | StandbyOffline                   |             0 |          |
+-------+-------------+----------+-------------------------------------+----------------------------------+---------------+----------+
|    88 |           5 | String   |                                     | StandbySpare                     |             0 |          |
+-------+-------------+----------+-------------------------------------+----------------------------------+---------------+----------+
|    89 |           6 | String   |                                     | Starting                         |             0 |          |
+-------+-------------+----------+-------------------------------------+----------------------------------+---------------+----------+
|    90 |           7 | String   |                                     | UnavailableOffline               |             0 |          |
+-------+-------------+----------+-------------------------------------+----------------------------------+---------------+----------+
|    91 |           8 | String   |                                     | Deferring                        |             0 |          |
+-------+-------------+----------+-------------------------------------+----------------------------------+---------------+----------+
|    92 |           9 | String   |                                     | Quiesced                         |             0 |          |
+-------+-------------+----------+-------------------------------------+----------------------------------+---------------+----------+
|    93 |          10 | String   |                                     | Updating                         |             0 |          |
+-------+-------------+----------+-------------------------------------+----------------------------------+---------------+----------+
|    94 |          11 | String   |                                     | Qualified                        |             0 |          |
+-------+-------------+----------+-------------------------------------+----------------------------------+---------------+----------+
Total Entries: 95
Fixed size consumed (bytes): 962 (0x3c2)
Field string size consumed (bytes): 1111 (0x457)
Total size (bytes): 2073 (0x819)
Version: 0XF1F4F000
Signature: 0x20f3d667
